Traffic_light.c:9:6:traffic_double_display	32	static
Traffic_light.c:65:6:traffic_display	24	static
Traffic_light.c:87:6:traffic_green_red	8	static
Traffic_light.c:102:6:traffic_yellow_red	8	static
Traffic_light.c:117:6:traffic_red_green	8	static
Traffic_light.c:132:6:traffic_red_yellow	8	static
Traffic_light.c:147:6:traffic_mannual_green_red	8	static
Traffic_light.c:157:6:traffic_mannual_yellow_red	8	static
Traffic_light.c:167:6:traffic_mannual_red_green	8	static
Traffic_light.c:177:6:traffic_mannual_red_yellow	8	static
