Traffic_light.c:29:6:convert	24	static
Traffic_light.c:47:6:traffic_double_display_convert	32	static
Traffic_light.c:110:6:traffic_double_display	32	static
Traffic_light.c:182:6:traffic_display	24	static
Traffic_light.c:203:6:traffic_init	8	static
Traffic_light.c:230:6:traffic_green_red	8	static
Traffic_light.c:249:6:traffic_yellow_red	8	static
Traffic_light.c:276:6:traffic_red_red1	8	static
Traffic_light.c:295:6:traffic_red_green	8	static
Traffic_light.c:314:6:traffic_red_yellow	8	static
Traffic_light.c:334:6:traffic_mannual_green_red	8	static
Traffic_light.c:347:6:traffic_mannual_yellow_red	8	static
Traffic_light.c:360:6:traffic_mannual_red_red	8	static
Traffic_light.c:373:6:traffic_mannual_red_green	8	static
Traffic_light.c:386:6:traffic_mannual_red_yellow	8	static
Traffic_light.c:399:6:traffic_set_time_red	8	static
Traffic_light.c:436:6:traffic_set_time_yellow	8	static
Traffic_light.c:467:6:traffic_set_time_green	8	static
