Archive member included to satisfy reference by file (symbol)

c:/users/thuyh/stm32cubeide_1.7.0/stm32cubeide/plugins/com.st.stm32cube.ide.mcu.externaltools.gnu-tools-for-stm32.9-2020-q2-update.win32_2.0.0.202105311346/tools/bin/../lib/gcc/arm-none-eabi/9.3.1/../../../../arm-none-eabi/lib/thumb/v7-m/nofp\libc_nano.a(lib_a-errno.o)
                              ./Core/Src/syscalls.o (__errno)
c:/users/thuyh/stm32cubeide_1.7.0/stm32cubeide/plugins/com.st.stm32cube.ide.mcu.externaltools.gnu-tools-for-stm32.9-2020-q2-update.win32_2.0.0.202105311346/tools/bin/../lib/gcc/arm-none-eabi/9.3.1/../../../../arm-none-eabi/lib/thumb/v7-m/nofp\libc_nano.a(lib_a-exit.o)
                              c:/users/thuyh/stm32cubeide_1.7.0/stm32cubeide/plugins/com.st.stm32cube.ide.mcu.externaltools.gnu-tools-for-stm32.9-2020-q2-update.win32_2.0.0.202105311346/tools/bin/../lib/gcc/arm-none-eabi/9.3.1/../../../../arm-none-eabi/lib/thumb/v7-m/nofp/crt0.o (exit)
c:/users/thuyh/stm32cubeide_1.7.0/stm32cubeide/plugins/com.st.stm32cube.ide.mcu.externaltools.gnu-tools-for-stm32.9-2020-q2-update.win32_2.0.0.202105311346/tools/bin/../lib/gcc/arm-none-eabi/9.3.1/../../../../arm-none-eabi/lib/thumb/v7-m/nofp\libc_nano.a(lib_a-impure.o)
                              c:/users/thuyh/stm32cubeide_1.7.0/stm32cubeide/plugins/com.st.stm32cube.ide.mcu.externaltools.gnu-tools-for-stm32.9-2020-q2-update.win32_2.0.0.202105311346/tools/bin/../lib/gcc/arm-none-eabi/9.3.1/../../../../arm-none-eabi/lib/thumb/v7-m/nofp\libc_nano.a(lib_a-exit.o) (_global_impure_ptr)
c:/users/thuyh/stm32cubeide_1.7.0/stm32cubeide/plugins/com.st.stm32cube.ide.mcu.externaltools.gnu-tools-for-stm32.9-2020-q2-update.win32_2.0.0.202105311346/tools/bin/../lib/gcc/arm-none-eabi/9.3.1/../../../../arm-none-eabi/lib/thumb/v7-m/nofp\libc_nano.a(lib_a-init.o)
                              c:/users/thuyh/stm32cubeide_1.7.0/stm32cubeide/plugins/com.st.stm32cube.ide.mcu.externaltools.gnu-tools-for-stm32.9-2020-q2-update.win32_2.0.0.202105311346/tools/bin/../lib/gcc/arm-none-eabi/9.3.1/../../../../arm-none-eabi/lib/thumb/v7-m/nofp/crt0.o (__libc_init_array)
c:/users/thuyh/stm32cubeide_1.7.0/stm32cubeide/plugins/com.st.stm32cube.ide.mcu.externaltools.gnu-tools-for-stm32.9-2020-q2-update.win32_2.0.0.202105311346/tools/bin/../lib/gcc/arm-none-eabi/9.3.1/../../../../arm-none-eabi/lib/thumb/v7-m/nofp\libc_nano.a(lib_a-memset.o)
                              c:/users/thuyh/stm32cubeide_1.7.0/stm32cubeide/plugins/com.st.stm32cube.ide.mcu.externaltools.gnu-tools-for-stm32.9-2020-q2-update.win32_2.0.0.202105311346/tools/bin/../lib/gcc/arm-none-eabi/9.3.1/../../../../arm-none-eabi/lib/thumb/v7-m/nofp/crt0.o (memset)

Allocating common symbols
Common symbol       size              file

timer1_flag         0x28              ./SOW/Src/software_timer.o
time_green_select   0x4               ./SOW/Src/Traffic_light.o
SCH_Tasks_G         0x280             ./SOW/Src/scheduler.o
time_red_select     0x4               ./SOW/Src/Traffic_light.o
uwTick              0x4               ./Drivers/STM32F1xx_HAL_Driver/Src/stm32f1xx_hal.o
time_yellow_select  0x4               ./SOW/Src/Traffic_light.o
pFlash              0x20              ./Drivers/STM32F1xx_HAL_Driver/Src/stm32f1xx_hal_flash.o
redred              0x1               ./SOW/Src/Traffic_light.o
htim2               0x48              ./Core/Src/main.o
timer1_counter      0x28              ./SOW/Src/software_timer.o

Discarded input sections

 .text          0x0000000000000000        0x0 c:/users/thuyh/stm32cubeide_1.7.0/stm32cubeide/plugins/com.st.stm32cube.ide.mcu.externaltools.gnu-tools-for-stm32.9-2020-q2-update.win32_2.0.0.202105311346/tools/bin/../lib/gcc/arm-none-eabi/9.3.1/thumb/v7-m/nofp/crti.o
 .data          0x0000000000000000        0x0 c:/users/thuyh/stm32cubeide_1.7.0/stm32cubeide/plugins/com.st.stm32cube.ide.mcu.externaltools.gnu-tools-for-stm32.9-2020-q2-update.win32_2.0.0.202105311346/tools/bin/../lib/gcc/arm-none-eabi/9.3.1/thumb/v7-m/nofp/crti.o
 .bss           0x0000000000000000        0x0 c:/users/thuyh/stm32cubeide_1.7.0/stm32cubeide/plugins/com.st.stm32cube.ide.mcu.externaltools.gnu-tools-for-stm32.9-2020-q2-update.win32_2.0.0.202105311346/tools/bin/../lib/gcc/arm-none-eabi/9.3.1/thumb/v7-m/nofp/crti.o
 .data          0x0000000000000000        0x4 c:/users/thuyh/stm32cubeide_1.7.0/stm32cubeide/plugins/com.st.stm32cube.ide.mcu.externaltools.gnu-tools-for-stm32.9-2020-q2-update.win32_2.0.0.202105311346/tools/bin/../lib/gcc/arm-none-eabi/9.3.1/thumb/v7-m/nofp/crtbegin.o
 .text          0x0000000000000000       0x7c c:/users/thuyh/stm32cubeide_1.7.0/stm32cubeide/plugins/com.st.stm32cube.ide.mcu.externaltools.gnu-tools-for-stm32.9-2020-q2-update.win32_2.0.0.202105311346/tools/bin/../lib/gcc/arm-none-eabi/9.3.1/../../../../arm-none-eabi/lib/thumb/v7-m/nofp/crt0.o
[...]
Memory Configuration

Name             Origin             Length             Attributes
RAM              0x0000000020000000 0x0000000000002800 xrw
FLASH            0x0000000008000000 0x0000000000008000 xr
*default*        0x0000000000000000 0xffffffffffffffff

Linker script and memory map

LOAD c:/users/thuyh/stm32cubeide_1.7.0/stm32cubeide/plugins/com.st.stm32cube.ide.mcu.externaltools.gnu-tools-for-stm32.9-2020-q2-update.win32_2.0.0.202105311346/tools/bin/../lib/gcc/arm-none-eabi/9.3.1/thumb/v7-m/nofp/crti.o
LOAD c:/users/thuyh/stm32cubeide_1.7.0/stm32cubeide/plugins/com.st.stm32cube.ide.mcu.externaltools.gnu-tools-for-stm32.9-2020-q2-update.win32_2.0.0.202105311346/tools/bin/../lib/gcc/arm-none-eabi/9.3.1/thumb/v7-m/nofp/crtbegin.o
LOAD c:/users/thuyh/stm32cubeide_1.7.0/stm32cubeide/plugins/com.st.stm32cube.ide.mcu.externaltools.gnu-tools-for-stm32.9-2020-q2-update.win32_2.0.0.202105311346/tools/bin/../lib/gcc/arm-none-eabi/9.3.1/../../../../arm-none-eabi/lib/thumb/v7-m/nofp/crt0.o
LOAD ./Core/Src/ex10.o
LOAD ./Core/Src/ex4.o
LOAD ./Core/Src/ex5.o
LOAD ./Core/Src/ex6.o
LOAD ./Core/Src/main.o
LOAD ./Core/Src/stm32f1xx_hal_msp.o
LOAD ./Core/Src/stm32f1xx_it.o
LOAD ./Core/Src/syscalls.o
LOAD ./Core/Src/sysmem.o
LOAD ./Core/Src/system_stm32f1xx.o
LOAD ./Core/Startup/startup_stm32f103c6tx.o
LOAD ./Drivers/STM32F1xx_HAL_Driver/Src/stm32f1xx_hal.o
LOAD ./Drivers/STM32F1xx_HAL_Driver/Src/stm32f1xx_hal_cortex.o
LOAD ./Drivers/STM32F1xx_HAL_Driver/Src/stm32f1xx_hal_dma.o
LOAD ./Drivers/STM32F1xx_HAL_Driver/Src/stm32f1xx_hal_exti.o
LOAD ./Drivers/STM32F1xx_HAL_Driver/Src/stm32f1xx_hal_flash.o
LOAD ./Drivers/STM32F1xx_HAL_Driver/Src/stm32f1xx_hal_flash_ex.o
LOAD ./Drivers/STM32F1xx_HAL_Driver/Src/stm32f1xx_hal_gpio.o
LOAD ./Drivers/STM32F1xx_HAL_Driver/Src/stm32f1xx_hal_gpio_ex.o
LOAD ./Drivers/STM32F1xx_HAL_Driver/Src/stm32f1xx_hal_pwr.o
LOAD ./Drivers/STM32F1xx_HAL_Driver/Src/stm32f1xx_hal_rcc.o
LOAD ./Drivers/STM32F1xx_HAL_Driver/Src/stm32f1xx_hal_rcc_ex.o
LOAD ./Drivers/STM32F1xx_HAL_Driver/Src/stm32f1xx_hal_tim.o
LOAD ./Drivers/STM32F1xx_HAL_Driver/Src/stm32f1xx_hal_tim_ex.o
LOAD ./SOW/Src/LED.o
LOAD ./SOW/Src/LED_7_SEGMENT.o
LOAD ./SOW/Src/Traffic_light.o
LOAD ./SOW/Src/automatic.o
LOAD ./SOW/Src/enable.o
LOAD ./SOW/Src/global.o
LOAD ./SOW/Src/input_reading.o
LOAD ./SOW/Src/manual.o
LOAD ./SOW/Src/matrix8x8_led.o
LOAD ./SOW/Src/scheduler.o
LOAD ./SOW/Src/software_timer.o
START GROUP
LOAD c:/users/thuyh/stm32cubeide_1.7.0/stm32cubeide/plugins/com.st.stm32cube.ide.mcu.externaltools.gnu-tools-for-stm32.9-2020-q2-update.win32_2.0.0.202105311346/tools/bin/../lib/gcc/arm-none-eabi/9.3.1/../../../../arm-none-eabi/lib/thumb/v7-m/nofp\libc_nano.a
LOAD c:/users/thuyh/stm32cubeide_1.7.0/stm32cubeide/plugins/com.st.stm32cube.ide.mcu.externaltools.gnu-tools-for-stm32.9-2020-q2-update.win32_2.0.0.202105311346/tools/bin/../lib/gcc/arm-none-eabi/9.3.1/../../../../arm-none-eabi/lib/thumb/v7-m/nofp\libm.a
END GROUP
START GROUP
LOAD c:/users/thuyh/stm32cubeide_1.7.0/stm32cubeide/plugins/com.st.stm32cube.ide.mcu.externaltools.gnu-tools-for-stm32.9-2020-q2-update.win32_2.0.0.202105311346/tools/bin/../lib/gcc/arm-none-eabi/9.3.1/thumb/v7-m/nofp\libgcc.a
LOAD c:/users/thuyh/stm32cubeide_1.7.0/stm32cubeide/plugins/com.st.stm32cube.ide.mcu.externaltools.gnu-tools-for-stm32.9-2020-q2-update.win32_2.0.0.202105311346/tools/bin/../lib/gcc/arm-none-eabi/9.3.1/../../../../arm-none-eabi/lib/thumb/v7-m/nofp\libc_nano.a
END GROUP
START GROUP
LOAD c:/users/thuyh/stm32cubeide_1.7.0/stm32cubeide/plugins/com.st.stm32cube.ide.mcu.externaltools.gnu-tools-for-stm32.9-2020-q2-update.win32_2.0.0.202105311346/tools/bin/../lib/gcc/arm-none-eabi/9.3.1/thumb/v7-m/nofp\libgcc.a
LOAD c:/users/thuyh/stm32cubeide_1.7.0/stm32cubeide/plugins/com.st.stm32cube.ide.mcu.externaltools.gnu-tools-for-stm32.9-2020-q2-update.win32_2.0.0.202105311346/tools/bin/../lib/gcc/arm-none-eabi/9.3.1/../../../../arm-none-eabi/lib/thumb/v7-m/nofp\libc_nano.a
LOAD c:/users/thuyh/stm32cubeide_1.7.0/stm32cubeide/plugins/com.st.stm32cube.ide.mcu.externaltools.gnu-tools-for-stm32.9-2020-q2-update.win32_2.0.0.202105311346/tools/bin/../lib/gcc/arm-none-eabi/9.3.1/../../../../arm-none-eabi/lib/thumb/v7-m/nofp\libnosys.a
END GROUP
START GROUP
LOAD c:/users/thuyh/stm32cubeide_1.7.0/stm32cubeide/plugins/com.st.stm32cube.ide.mcu.externaltools.gnu-tools-for-stm32.9-2020-q2-update.win32_2.0.0.202105311346/tools/bin/../lib/gcc/arm-none-eabi/9.3.1/thumb/v7-m/nofp\libgcc.a
LOAD c:/users/thuyh/stm32cubeide_1.7.0/stm32cubeide/plugins/com.st.stm32cube.ide.mcu.externaltools.gnu-tools-for-stm32.9-2020-q2-update.win32_2.0.0.202105311346/tools/bin/../lib/gcc/arm-none-eabi/9.3.1/../../../../arm-none-eabi/lib/thumb/v7-m/nofp\libc_nano.a
LOAD c:/users/thuyh/stm32cubeide_1.7.0/stm32cubeide/plugins/com.st.stm32cube.ide.mcu.externaltools.gnu-tools-for-stm32.9-2020-q2-update.win32_2.0.0.202105311346/tools/bin/../lib/gcc/arm-none-eabi/9.3.1/../../../../arm-none-eabi/lib/thumb/v7-m/nofp\libnosys.a
END GROUP
LOAD c:/users/thuyh/stm32cubeide_1.7.0/stm32cubeide/plugins/com.st.stm32cube.ide.mcu.externaltools.gnu-tools-for-stm32.9-2020-q2-update.win32_2.0.0.202105311346/tools/bin/../lib/gcc/arm-none-eabi/9.3.1/thumb/v7-m/nofp/crtend.o
LOAD c:/users/thuyh/stm32cubeide_1.7.0/stm32cubeide/plugins/com.st.stm32cube.ide.mcu.externaltools.gnu-tools-for-stm32.9-2020-q2-update.win32_2.0.0.202105311346/tools/bin/../lib/gcc/arm-none-eabi/9.3.1/thumb/v7-m/nofp/crtn.o
                0x0000000020002800                _estack = (ORIGIN (RAM) + LENGTH (RAM))
                0x0000000000000200                _Min_Heap_Size = 0x200
                0x0000000000000400                _Min_Stack_Size = 0x400

.isr_vector     0x0000000008000000      0x10c
                0x0000000008000000                . = ALIGN (0x4)
 *(.isr_vector)
 .isr_vector    0x0000000008000000      0x10c ./Core/Startup/startup_stm32f103c6tx.o
                0x0000000008000000                g_pfnVectors
                0x000000000800010c                . = ALIGN (0x4)

.text           0x000000000800010c     0x3308
                0x000000000800010c                . = ALIGN (0x4)
 *(.text)
 .text          0x000000000800010c       0x40 c:/users/thuyh/stm32cubeide_1.7.0/stm32cubeide/plugins/com.st.stm32cube.ide.mcu.externaltools.gnu-tools-for-stm32.9-2020-q2-update.win32_2.0.0.202105311346/tools/bin/../lib/gcc/arm-none-eabi/9.3.1/thumb/v7-m/nofp/crtbegin.o
 *(.text*)
 .text.ex10_init
                0x000000000800014c       0x3c ./Core/Src/ex10.o
                0x000000000800014c                ex10_init
 .text.ex10_run
                0x0000000008000188       0x44 ./Core/Src/ex10.o
                0x0000000008000188                ex10_run
 .text.ex4_init
                0x00000000080001cc       0x14 ./Core/Src/ex4.o
                0x00000000080001cc                ex4_init
 .text.ex5_init
                0x00000000080001e0        0xc ./Core/Src/ex5.o
                0x00000000080001e0                ex5_init
 .text.updateTime
                0x00000000080001ec       0x3c ./Core/Src/main.o
                0x00000000080001ec                updateTime
 .text.update_buffer
                0x0000000008000228      0x148 ./Core/Src/main.o
                0x0000000008000228                update_buffer
 .text.update_Display
                0x0000000008000370      0x1f8 ./Core/Src/main.o
                0x0000000008000370                update_Display
 .text.main     0x0000000008000568       0x60 ./Core/Src/main.o
                0x0000000008000568                main
 .text.SystemClock_Config
                0x00000000080005c8       0x76 ./Core/Src/main.o
                0x00000000080005c8                SystemClock_Config
 *fill*         0x000000000800063e        0x2 
 .text.MX_TIM2_Init
                0x0000000008000640       0x98 ./Core/Src/main.o
 .text.MX_GPIO_Init
                0x00000000080006d8       0xe4 ./Core/Src/main.o
 .text.HAL_TIM_PeriodElapsedCallback
                0x00000000080007bc       0x24 ./Core/Src/main.o
                0x00000000080007bc                HAL_TIM_PeriodElapsedCallback
 .text.Error_Handler
                0x00000000080007e0        0xa ./Core/Src/main.o
                0x00000000080007e0                Error_Handler
 *fill*         0x00000000080007ea        0x2 
 .text.HAL_MspInit
                0x00000000080007ec       0x64 ./Core/Src/stm32f1xx_hal_msp.o
                0x00000000080007ec                HAL_MspInit
 .text.HAL_TIM_Base_MspInit
                0x0000000008000850       0x48 ./Core/Src/stm32f1xx_hal_msp.o
                0x0000000008000850                HAL_TIM_Base_MspInit
 .text.NMI_Handler
                0x0000000008000898        0x6 ./Core/Src/stm32f1xx_it.o
                0x0000000008000898                NMI_Handler
 .text.HardFault_Handler
                0x000000000800089e        0x6 ./Core/Src/stm32f1xx_it.o
                0x000000000800089e                HardFault_Handler
 .text.MemManage_Handler
                0x00000000080008a4        0x6 ./Core/Src/stm32f1xx_it.o
                0x00000000080008a4                MemManage_Handler
 .text.BusFault_Handler
                0x00000000080008aa        0x6 ./Core/Src/stm32f1xx_it.o
                0x00000000080008aa                BusFault_Handler
 .text.UsageFault_Handler
                0x00000000080008b0        0x6 ./Core/Src/stm32f1xx_it.o
                0x00000000080008b0                UsageFault_Handler
 .text.SVC_Handler
                0x00000000080008b6        0xc ./Core/Src/stm32f1xx_it.o
                0x00000000080008b6                SVC_Handler
 .text.DebugMon_Handler
                0x00000000080008c2        0xc ./Core/Src/stm32f1xx_it.o
                0x00000000080008c2                DebugMon_Handler
 .text.PendSV_Handler
                0x00000000080008ce        0xc ./Core/Src/stm32f1xx_it.o
                0x00000000080008ce                PendSV_Handler
 .text.SysTick_Handler
                0x00000000080008da        0xc ./Core/Src/stm32f1xx_it.o
                0x00000000080008da                SysTick_Handler
 *fill*         0x00000000080008e6        0x2 
 .text.TIM2_IRQHandler
                0x00000000080008e8       0x14 ./Core/Src/stm32f1xx_it.o
                0x00000000080008e8                TIM2_IRQHandler
 .text.SystemInit
                0x00000000080008fc        0xc ./Core/Src/system_stm32f1xx.o
                0x00000000080008fc                SystemInit
 .text.Reset_Handler
                0x0000000008000908       0x48 ./Core/Startup/startup_stm32f103c6tx.o
                0x0000000008000908                Reset_Handler
 .text.Default_Handler
                0x0000000008000950        0x2 ./Core/Startup/startup_stm32f103c6tx.o
                0x0000000008000950                RTC_Alarm_IRQHandler
                0x0000000008000950                EXTI2_IRQHandler
                0x0000000008000950                TIM1_CC_IRQHandler
                0x0000000008000950                PVD_IRQHandler
                0x0000000008000950                EXTI3_IRQHandler
                0x0000000008000950                EXTI0_IRQHandler
                0x0000000008000950                ADC1_2_IRQHandler
                0x0000000008000950                SPI1_IRQHandler
                0x0000000008000950                TAMPER_IRQHandler
                0x0000000008000950                DMA1_Channel4_IRQHandler
                0x0000000008000950                RTC_IRQHandler
                0x0000000008000950                DMA1_Channel7_IRQHandler
                0x0000000008000950                CAN1_RX1_IRQHandler
                0x0000000008000950                I2C1_EV_IRQHandler
                0x0000000008000950                DMA1_Channel6_IRQHandler
                0x0000000008000950                TIM3_IRQHandler
                0x0000000008000950                RCC_IRQHandler
                0x0000000008000950                TIM1_TRG_COM_IRQHandler
                0x0000000008000950                DMA1_Channel1_IRQHandler
                0x0000000008000950                Default_Handler
                0x0000000008000950                EXTI15_10_IRQHandler
                0x0000000008000950                EXTI9_5_IRQHandler
                0x0000000008000950                DMA1_Channel5_IRQHandler
                0x0000000008000950                EXTI4_IRQHandler
                0x0000000008000950                USB_LP_CAN1_RX0_IRQHandler
                0x0000000008000950                USB_HP_CAN1_TX_IRQHandler
                0x0000000008000950                DMA1_Channel3_IRQHandler
                0x0000000008000950                TIM1_UP_IRQHandler
                0x0000000008000950                WWDG_IRQHandler
                0x0000000008000950                TIM1_BRK_IRQHandler
                0x0000000008000950                EXTI1_IRQHandler
                0x0000000008000950                USART2_IRQHandler
                0x0000000008000950                DMA1_Channel2_IRQHandler
                0x0000000008000950                CAN1_SCE_IRQHandler
                0x0000000008000950                FLASH_IRQHandler
                0x0000000008000950                USART1_IRQHandler
                0x0000000008000950                I2C1_ER_IRQHandler
                0x0000000008000950                USBWakeUp_IRQHandler
 *fill*         0x0000000008000952        0x2 
 .text.HAL_Init
                0x0000000008000954       0x2c ./Drivers/STM32F1xx_HAL_Driver/Src/stm32f1xx_hal.o
                0x0000000008000954                HAL_Init
 .text.HAL_InitTick
                0x0000000008000980       0x60 ./Drivers/STM32F1xx_HAL_Driver/Src/stm32f1xx_hal.o
                0x0000000008000980                HAL_InitTick
 .text.HAL_IncTick
                0x00000000080009e0       0x24 ./Drivers/STM32F1xx_HAL_Driver/Src/stm32f1xx_hal.o
                0x00000000080009e0                HAL_IncTick
 .text.HAL_GetTick
                0x0000000008000a04       0x14 ./Drivers/STM32F1xx_HAL_Driver/Src/stm32f1xx_hal.o
                0x0000000008000a04                HAL_GetTick
 .text.__NVIC_SetPriorityGrouping
                0x0000000008000a18       0x48 ./Drivers/STM32F1xx_HAL_Driver/Src/stm32f1xx_hal_cortex.o
 .text.__NVIC_GetPriorityGrouping
                0x0000000008000a60       0x1c ./Drivers/STM32F1xx_HAL_Driver/Src/stm32f1xx_hal_cortex.o
 .text.__NVIC_EnableIRQ
                0x0000000008000a7c       0x38 ./Drivers/STM32F1xx_HAL_Driver/Src/stm32f1xx_hal_cortex.o
 .text.__NVIC_SetPriority
                0x0000000008000ab4       0x54 ./Drivers/STM32F1xx_HAL_Driver/Src/stm32f1xx_hal_cortex.o
 .text.NVIC_EncodePriority
                0x0000000008000b08       0x64 ./Drivers/STM32F1xx_HAL_Driver/Src/stm32f1xx_hal_cortex.o
 .text.SysTick_Config
                0x0000000008000b6c       0x44 ./Drivers/STM32F1xx_HAL_Driver/Src/stm32f1xx_hal_cortex.o
 .text.HAL_NVIC_SetPriorityGrouping
                0x0000000008000bb0       0x16 ./Drivers/STM32F1xx_HAL_Driver/Src/stm32f1xx_hal_cortex.o
                0x0000000008000bb0                HAL_NVIC_SetPriorityGrouping
 .text.HAL_NVIC_SetPriority
                0x0000000008000bc6       0x38 ./Drivers/STM32F1xx_HAL_Driver/Src/stm32f1xx_hal_cortex.o
                0x0000000008000bc6                HAL_NVIC_SetPriority
 .text.HAL_NVIC_EnableIRQ
                0x0000000008000bfe       0x1c ./Drivers/STM32F1xx_HAL_Driver/Src/stm32f1xx_hal_cortex.o
                0x0000000008000bfe                HAL_NVIC_EnableIRQ
 .text.HAL_SYSTICK_Config
                0x0000000008000c1a       0x18 ./Drivers/STM32F1xx_HAL_Driver/Src/stm32f1xx_hal_cortex.o
                0x0000000008000c1a                HAL_SYSTICK_Config
 *fill*         0x0000000008000c32        0x2 
 .text.HAL_GPIO_Init
                0x0000000008000c34      0x2f4 ./Drivers/STM32F1xx_HAL_Driver/Src/stm32f1xx_hal_gpio.o
                0x0000000008000c34                HAL_GPIO_Init
 .text.HAL_GPIO_ReadPin
                0x0000000008000f28       0x2e ./Drivers/STM32F1xx_HAL_Driver/Src/stm32f1xx_hal_gpio.o
                0x0000000008000f28                HAL_GPIO_ReadPin
 .text.HAL_GPIO_WritePin
                0x0000000008000f56       0x30 ./Drivers/STM32F1xx_HAL_Driver/Src/stm32f1xx_hal_gpio.o
                0x0000000008000f56                HAL_GPIO_WritePin
 .text.HAL_GPIO_TogglePin
                0x0000000008000f86       0x32 ./Drivers/STM32F1xx_HAL_Driver/Src/stm32f1xx_hal_gpio.o
                0x0000000008000f86                HAL_GPIO_TogglePin
 .text.HAL_RCC_OscConfig
                0x0000000008000fb8      0x500 ./Drivers/STM32F1xx_HAL_Driver/Src/stm32f1xx_hal_rcc.o
                0x0000000008000fb8                HAL_RCC_OscConfig
 .text.HAL_RCC_ClockConfig
                0x00000000080014b8      0x1d4 ./Drivers/STM32F1xx_HAL_Driver/Src/stm32f1xx_hal_rcc.o
                0x00000000080014b8                HAL_RCC_ClockConfig
 .text.HAL_RCC_GetSysClockFreq
                0x000000000800168c       0xa8 ./Drivers/STM32F1xx_HAL_Driver/Src/stm32f1xx_hal_rcc.o
                0x000000000800168c                HAL_RCC_GetSysClockFreq
 .text.RCC_Delay
                0x0000000008001734       0x3c ./Drivers/STM32F1xx_HAL_Driver/Src/stm32f1xx_hal_rcc.o
 .text.HAL_TIM_Base_Init
                0x0000000008001770       0x9e ./Drivers/STM32F1xx_HAL_Driver/Src/stm32f1xx_hal_tim.o
                0x0000000008001770                HAL_TIM_Base_Init
 *fill*         0x000000000800180e        0x2 
 .text.HAL_TIM_Base_Start_IT
                0x0000000008001810       0x98 ./Drivers/STM32F1xx_HAL_Driver/Src/stm32f1xx_hal_tim.o
                0x0000000008001810                HAL_TIM_Base_Start_IT
 .text.HAL_TIM_IRQHandler
                0x00000000080018a8      0x1e0 ./Drivers/STM32F1xx_HAL_Driver/Src/stm32f1xx_hal_tim.o
                0x00000000080018a8                HAL_TIM_IRQHandler
 .text.HAL_TIM_ConfigClockSource
                0x0000000008001a88      0x18e ./Drivers/STM32F1xx_HAL_Driver/Src/stm32f1xx_hal_tim.o
                0x0000000008001a88                HAL_TIM_ConfigClockSource
 .text.HAL_TIM_OC_DelayElapsedCallback
                0x0000000008001c16       0x12 ./Drivers/STM32F1xx_HAL_Driver/Src/stm32f1xx_hal_tim.o
                0x0000000008001c16                HAL_TIM_OC_DelayElapsedCallback
 .text.HAL_TIM_IC_CaptureCallback
                0x0000000008001c28       0x12 ./Drivers/STM32F1xx_HAL_Driver/Src/stm32f1xx_hal_tim.o
                0x0000000008001c28                HAL_TIM_IC_CaptureCallback
 .text.HAL_TIM_PWM_PulseFinishedCallback
                0x0000000008001c3a       0x12 ./Drivers/STM32F1xx_HAL_Driver/Src/stm32f1xx_hal_tim.o
                0x0000000008001c3a                HAL_TIM_PWM_PulseFinishedCallback
 .text.HAL_TIM_TriggerCallback
                0x0000000008001c4c       0x12 ./Drivers/STM32F1xx_HAL_Driver/Src/stm32f1xx_hal_tim.o
                0x0000000008001c4c                HAL_TIM_TriggerCallback
 *fill*         0x0000000008001c5e        0x2 
 .text.TIM_Base_SetConfig
                0x0000000008001c60       0xc8 ./Drivers/STM32F1xx_HAL_Driver/Src/stm32f1xx_hal_tim.o
                0x0000000008001c60                TIM_Base_SetConfig
 .text.TIM_TI1_ConfigInputStage
                0x0000000008001d28       0x5c ./Drivers/STM32F1xx_HAL_Driver/Src/stm32f1xx_hal_tim.o
 .text.TIM_TI2_ConfigInputStage
                0x0000000008001d84       0x5e ./Drivers/STM32F1xx_HAL_Driver/Src/stm32f1xx_hal_tim.o
 .text.TIM_ITRx_SetConfig
                0x0000000008001de2       0x34 ./Drivers/STM32F1xx_HAL_Driver/Src/stm32f1xx_hal_tim.o
 .text.TIM_ETR_SetConfig
                0x0000000008001e16       0x3e ./Drivers/STM32F1xx_HAL_Driver/Src/stm32f1xx_hal_tim.o
                0x0000000008001e16                TIM_ETR_SetConfig
 .text.HAL_TIMEx_MasterConfigSynchronization
                0x0000000008001e54       0xb0 ./Drivers/STM32F1xx_HAL_Driver/Src/stm32f1xx_hal_tim_ex.o
                0x0000000008001e54                HAL_TIMEx_MasterConfigSynchronization
 .text.HAL_TIMEx_CommutCallback
                0x0000000008001f04       0x12 ./Drivers/STM32F1xx_HAL_Driver/Src/stm32f1xx_hal_tim_ex.o
                0x0000000008001f04                HAL_TIMEx_CommutCallback
 .text.HAL_TIMEx_BreakCallback
                0x0000000008001f16       0x12 ./Drivers/STM32F1xx_HAL_Driver/Src/stm32f1xx_hal_tim_ex.o
                0x0000000008001f16                HAL_TIMEx_BreakCallback
 .text.DISPLAY_LED_7_SEGMENT
                0x0000000008001f28      0x410 ./SOW/Src/LED_7_SEGMENT.o
                0x0000000008001f28                DISPLAY_LED_7_SEGMENT
 .text.traffic_double_display
                0x0000000008002338      0x2cc ./SOW/Src/Traffic_light.o
                0x0000000008002338                traffic_double_display
 .text.traffic_display
                0x0000000008002604       0xaa ./SOW/Src/Traffic_light.o
                0x0000000008002604                traffic_display
 *fill*         0x00000000080026ae        0x2 
 .text.traffic_init
                0x00000000080026b0       0xe4 ./SOW/Src/Traffic_light.o
                0x00000000080026b0                traffic_init
 .text.traffic_green_red
                0x0000000008002794       0x80 ./SOW/Src/Traffic_light.o
                0x0000000008002794                traffic_green_red
 .text.traffic_yellow_red
                0x0000000008002814       0xb4 ./SOW/Src/Traffic_light.o
                0x0000000008002814                traffic_yellow_red
 .text.traffic_red_red1
                0x00000000080028c8       0x80 ./SOW/Src/Traffic_light.o
                0x00000000080028c8                traffic_red_red1
 .text.traffic_red_green
                0x0000000008002948       0x80 ./SOW/Src/Traffic_light.o
                0x0000000008002948                traffic_red_green
 .text.traffic_red_yellow
                0x00000000080029c8       0x90 ./SOW/Src/Traffic_light.o
                0x00000000080029c8                traffic_red_yellow
 .text.traffic_mannual_green_red
                0x0000000008002a58       0x50 ./SOW/Src/Traffic_light.o
                0x0000000008002a58                traffic_mannual_green_red
 .text.traffic_mannual_yellow_red
                0x0000000008002aa8       0x50 ./SOW/Src/Traffic_light.o
                0x0000000008002aa8                traffic_mannual_yellow_red
 .text.traffic_mannual_red_red
                0x0000000008002af8       0x50 ./SOW/Src/Traffic_light.o
                0x0000000008002af8                traffic_mannual_red_red
 .text.traffic_mannual_red_green
                0x0000000008002b48       0x50 ./SOW/Src/Traffic_light.o
                0x0000000008002b48                traffic_mannual_red_green
 .text.traffic_mannual_red_yellow
                0x0000000008002b98       0x50 ./SOW/Src/Traffic_light.o
                0x0000000008002b98                traffic_mannual_red_yellow
 .text.traffic_set_time_red
                0x0000000008002be8      0x110 ./SOW/Src/Traffic_light.o
                0x0000000008002be8                traffic_set_time_red
 .text.traffic_set_time_yellow
                0x0000000008002cf8       0xb0 ./SOW/Src/Traffic_light.o
                0x0000000008002cf8                traffic_set_time_yellow
 .text.traffic_set_time_green
                0x0000000008002da8       0xd0 ./SOW/Src/Traffic_light.o
                0x0000000008002da8                traffic_set_time_green
 .text.automatic_init
                0x0000000008002e78       0x28 ./SOW/Src/automatic.o
                0x0000000008002e78                automatic_init
 .text.automatic_run
                0x0000000008002ea0       0x5c ./SOW/Src/automatic.o
                0x0000000008002ea0                automatic_run
 .text.getKeyInput
                0x0000000008002efc      0x268 ./SOW/Src/input_reading.o
                0x0000000008002efc                getKeyInput
 .text.is_button_pressed
                0x0000000008003164       0x34 ./SOW/Src/input_reading.o
                0x0000000008003164                is_button_pressed
 .text.is_button_double_clicked
                0x0000000008003198       0x34 ./SOW/Src/input_reading.o
                0x0000000008003198                is_button_double_clicked
 .text.manual_run
                0x00000000080031cc      0x114 ./SOW/Src/manual.o
                0x00000000080031cc                manual_run
 .text.setTimer1
                0x00000000080032e0       0x3c ./SOW/Src/software_timer.o
                0x00000000080032e0                setTimer1
 .text.SetTimerForTimerSet
                0x000000000800331c       0x28 ./SOW/Src/software_timer.o
                0x000000000800331c                SetTimerForTimerSet
 .text.timerRun
                0x0000000008003344       0x60 ./SOW/Src/software_timer.o
                0x0000000008003344                timerRun
 .text.__libc_init_array
                0x00000000080033a4       0x48 c:/users/thuyh/stm32cubeide_1.7.0/stm32cubeide/plugins/com.st.stm32cube.ide.mcu.externaltools.gnu-tools-for-stm32.9-2020-q2-update.win32_2.0.0.202105311346/tools/bin/../lib/gcc/arm-none-eabi/9.3.1/../../../../arm-none-eabi/lib/thumb/v7-m/nofp\libc_nano.a(lib_a-init.o)
                0x00000000080033a4                __libc_init_array
 .text.memset   0x00000000080033ec       0x10 c:/users/thuyh/stm32cubeide_1.7.0/stm32cubeide/plugins/com.st.stm32cube.ide.mcu.externaltools.gnu-tools-for-stm32.9-2020-q2-update.win32_2.0.0.202105311346/tools/bin/../lib/gcc/arm-none-eabi/9.3.1/../../../../arm-none-eabi/lib/thumb/v7-m/nofp\libc_nano.a(lib_a-memset.o)
                0x00000000080033ec                memset
 *(.glue_7)
 .glue_7        0x00000000080033fc        0x0 linker stubs
 *(.glue_7t)
 .glue_7t       0x00000000080033fc        0x0 linker stubs
 *(.eh_frame)
 .eh_frame      0x00000000080033fc        0x0 c:/users/thuyh/stm32cubeide_1.7.0/stm32cubeide/plugins/com.st.stm32cube.ide.mcu.externaltools.gnu-tools-for-stm32.9-2020-q2-update.win32_2.0.0.202105311346/tools/bin/../lib/gcc/arm-none-eabi/9.3.1/thumb/v7-m/nofp/crtbegin.o
 *(.init)
 .init          0x00000000080033fc        0x4 c:/users/thuyh/stm32cubeide_1.7.0/stm32cubeide/plugins/com.st.stm32cube.ide.mcu.externaltools.gnu-tools-for-stm32.9-2020-q2-update.win32_2.0.0.202105311346/tools/bin/../lib/gcc/arm-none-eabi/9.3.1/thumb/v7-m/nofp/crti.o
                0x00000000080033fc                _init
 .init          0x0000000008003400        0x8 c:/users/thuyh/stm32cubeide_1.7.0/stm32cubeide/plugins/com.st.stm32cube.ide.mcu.externaltools.gnu-tools-for-stm32.9-2020-q2-update.win32_2.0.0.202105311346/tools/bin/../lib/gcc/arm-none-eabi/9.3.1/thumb/v7-m/nofp/crtn.o
 *(.fini)
 .fini          0x0000000008003408        0x4 c:/users/thuyh/stm32cubeide_1.7.0/stm32cubeide/plugins/com.st.stm32cube.ide.mcu.externaltools.gnu-tools-for-stm32.9-2020-q2-update.win32_2.0.0.202105311346/tools/bin/../lib/gcc/arm-none-eabi/9.3.1/thumb/v7-m/nofp/crti.o
                0x0000000008003408                _fini
 .fini          0x000000000800340c        0x8 c:/users/thuyh/stm32cubeide_1.7.0/stm32cubeide/plugins/com.st.stm32cube.ide.mcu.externaltools.gnu-tools-for-stm32.9-2020-q2-update.win32_2.0.0.202105311346/tools/bin/../lib/gcc/arm-none-eabi/9.3.1/thumb/v7-m/nofp/crtn.o
                0x0000000008003414                . = ALIGN (0x4)
                0x0000000008003414                _etext = .

.vfp11_veneer   0x0000000008003414        0x0
 .vfp11_veneer  0x0000000008003414        0x0 linker stubs

.v4_bx          0x0000000008003414        0x0
 .v4_bx         0x0000000008003414        0x0 linker stubs

.iplt           0x0000000008003414        0x0
 .iplt          0x0000000008003414        0x0 c:/users/thuyh/stm32cubeide_1.7.0/stm32cubeide/plugins/com.st.stm32cube.ide.mcu.externaltools.gnu-tools-for-stm32.9-2020-q2-update.win32_2.0.0.202105311346/tools/bin/../lib/gcc/arm-none-eabi/9.3.1/thumb/v7-m/nofp/crtbegin.o

.rodata         0x0000000008003414       0x24
                0x0000000008003414                . = ALIGN (0x4)
 *(.rodata)
 *(.rodata*)
 .rodata.AHBPrescTable
                0x0000000008003414       0x10 ./Core/Src/system_stm32f1xx.o
                0x0000000008003414                AHBPrescTable
 .rodata.aPLLMULFactorTable.6032
                0x0000000008003424       0x10 ./Drivers/STM32F1xx_HAL_Driver/Src/stm32f1xx_hal_rcc.o
 .rodata.aPredivFactorTable.6033
                0x0000000008003434        0x2 ./Drivers/STM32F1xx_HAL_Driver/Src/stm32f1xx_hal_rcc.o
                0x0000000008003438                . = ALIGN (0x4)
 *fill*         0x0000000008003436        0x2 

.rel.dyn        0x0000000008003438        0x0
 .rel.iplt      0x0000000008003438        0x0 c:/users/thuyh/stm32cubeide_1.7.0/stm32cubeide/plugins/com.st.stm32cube.ide.mcu.externaltools.gnu-tools-for-stm32.9-2020-q2-update.win32_2.0.0.202105311346/tools/bin/../lib/gcc/arm-none-eabi/9.3.1/thumb/v7-m/nofp/crtbegin.o

.ARM.extab      0x0000000008003438        0x0
                0x0000000008003438                . = ALIGN (0x4)
 *(.ARM.extab* .gnu.linkonce.armextab.*)
                0x0000000008003438                . = ALIGN (0x4)

.ARM            0x0000000008003438        0x0
                0x0000000008003438                . = ALIGN (0x4)
                0x0000000008003438                __exidx_start = .
 *(.ARM.exidx*)
                0x0000000008003438                __exidx_end = .
                0x0000000008003438                . = ALIGN (0x4)

.preinit_array  0x0000000008003438        0x0
                0x0000000008003438                . = ALIGN (0x4)
                0x0000000008003438                PROVIDE (__preinit_array_start = .)
 *(.preinit_array*)
                0x0000000008003438                PROVIDE (__preinit_array_end = .)
                0x0000000008003438                . = ALIGN (0x4)

.init_array     0x0000000008003438        0x4
                0x0000000008003438                . = ALIGN (0x4)
                0x0000000008003438                PROVIDE (__init_array_start = .)
 *(SORT_BY_NAME(.init_array.*))
 *(.init_array*)
 .init_array    0x0000000008003438        0x4 c:/users/thuyh/stm32cubeide_1.7.0/stm32cubeide/plugins/com.st.stm32cube.ide.mcu.externaltools.gnu-tools-for-stm32.9-2020-q2-update.win32_2.0.0.202105311346/tools/bin/../lib/gcc/arm-none-eabi/9.3.1/thumb/v7-m/nofp/crtbegin.o
                0x000000000800343c                PROVIDE (__init_array_end = .)
                0x000000000800343c                . = ALIGN (0x4)

.fini_array     0x000000000800343c        0x4
                0x000000000800343c                . = ALIGN (0x4)
                [!provide]                        PROVIDE (__fini_array_start = .)
 *(SORT_BY_NAME(.fini_array.*))
 *(.fini_array*)
 .fini_array    0x000000000800343c        0x4 c:/users/thuyh/stm32cubeide_1.7.0/stm32cubeide/plugins/com.st.stm32cube.ide.mcu.externaltools.gnu-tools-for-stm32.9-2020-q2-update.win32_2.0.0.202105311346/tools/bin/../lib/gcc/arm-none-eabi/9.3.1/thumb/v7-m/nofp/crtbegin.o
                [!provide]                        PROVIDE (__fini_array_end = .)
                0x0000000008003440                . = ALIGN (0x4)
                0x0000000008003440                _sidata = LOADADDR (.data)

.data           0x0000000020000000       0x88 load address 0x0000000008003440
                0x0000000020000000                . = ALIGN (0x4)
                0x0000000020000000                _sdata = .
 *(.data)
 *(.data*)
 .data.GPIO_enable
                0x0000000020000000        0x8 ./Core/Src/main.o
                0x0000000020000000                GPIO_enable
 .data.GPIO_enable_Pin
                0x0000000020000008        0x4 ./Core/Src/main.o
                0x0000000020000008                GPIO_enable_Pin
 .data.GPIOx    0x000000002000000c        0xc ./Core/Src/main.o
                0x000000002000000c                GPIOx
 .data.GPIO_Pin
                0x0000000020000018        0x6 ./Core/Src/main.o
                0x0000000020000018                GPIO_Pin
 *fill*         0x000000002000001e        0x2 
 .data.buffer1  0x0000000020000020        0x8 ./Core/Src/main.o
                0x0000000020000020                buffer1
 .data.buffer2  0x0000000020000028        0x8 ./Core/Src/main.o
                0x0000000020000028                buffer2
 .data.buffer_slect_red
                0x0000000020000030        0x8 ./Core/Src/main.o
                0x0000000020000030                buffer_slect_red
 .data.buffer_slect_yellow
                0x0000000020000038        0x8 ./Core/Src/main.o
                0x0000000020000038                buffer_slect_yellow
 .data.buffer_slect_green
                0x0000000020000040        0x8 ./Core/Src/main.o
                0x0000000020000040                buffer_slect_green
 .data.my_index
                0x0000000020000048        0x4 ./Core/Src/main.o
                0x0000000020000048                my_index
 .data.SystemCoreClock
                0x000000002000004c        0x4 ./Core/Src/system_stm32f1xx.o
                0x000000002000004c                SystemCoreClock
 .data.uwTickPrio
                0x0000000020000050        0x4 ./Drivers/STM32F1xx_HAL_Driver/Src/stm32f1xx_hal.o
                0x0000000020000050                uwTickPrio
 .data.uwTickFreq
                0x0000000020000054        0x1 ./Drivers/STM32F1xx_HAL_Driver/Src/stm32f1xx_hal.o
                0x0000000020000054                uwTickFreq
 *fill*         0x0000000020000055        0x3 
 .data.time_green_set
                0x0000000020000058        0x4 ./SOW/Src/Traffic_light.o
                0x0000000020000058                time_green_set
 .data.time_yellow_set
                0x000000002000005c        0x4 ./SOW/Src/Traffic_light.o
                0x000000002000005c                time_yellow_set
 .data.time_red_set
                0x0000000020000060        0x4 ./SOW/Src/Traffic_light.o
                0x0000000020000060                time_red_set
 .data.time_init
                0x0000000020000064        0x4 ./SOW/Src/Traffic_light.o
                0x0000000020000064                time_init
 .data.time_1   0x0000000020000068        0x4 ./SOW/Src/Traffic_light.o
                0x0000000020000068                time_1
 .data.time_2   0x000000002000006c        0x4 ./SOW/Src/Traffic_light.o
                0x000000002000006c                time_2
 .data.status   0x0000000020000070        0x4 ./SOW/Src/global.o
                0x0000000020000070                status
 .data.KeyReg1  0x0000000020000074        0x3 ./SOW/Src/input_reading.o
 *fill*         0x0000000020000077        0x1 
 .data.KeyReg2  0x0000000020000078        0x3 ./SOW/Src/input_reading.o
 *fill*         0x000000002000007b        0x1 
 .data.KeyReg3  0x000000002000007c        0x3 ./SOW/Src/input_reading.o
 *fill*         0x000000002000007f        0x1 
 .data.KeyReg4  0x0000000020000080        0x3 ./SOW/Src/input_reading.o
 *fill*         0x0000000020000083        0x1 
 .data.time_cycle
                0x0000000020000084        0x4 ./SOW/Src/software_timer.o
                0x0000000020000084                time_cycle
 *(.RamFunc)
 *(.RamFunc*)
                0x0000000020000088                . = ALIGN (0x4)
                0x0000000020000088                _edata = .

.igot.plt       0x0000000020000088        0x0 load address 0x00000000080034c8
 .igot.plt      0x0000000020000088        0x0 c:/users/thuyh/stm32cubeide_1.7.0/stm32cubeide/plugins/com.st.stm32cube.ide.mcu.externaltools.gnu-tools-for-stm32.9-2020-q2-update.win32_2.0.0.202105311346/tools/bin/../lib/gcc/arm-none-eabi/9.3.1/thumb/v7-m/nofp/crtbegin.o
                0x0000000020000088                . = ALIGN (0x4)

.bss            0x0000000020000088      0x108 load address 0x00000000080034c8
                0x0000000020000088                _sbss = .
                0x0000000020000088                __bss_start__ = _sbss
 *(.bss)
 .bss           0x0000000020000088       0x1c c:/users/thuyh/stm32cubeide_1.7.0/stm32cubeide/plugins/com.st.stm32cube.ide.mcu.externaltools.gnu-tools-for-stm32.9-2020-q2-update.win32_2.0.0.202105311346/tools/bin/../lib/gcc/arm-none-eabi/9.3.1/thumb/v7-m/nofp/crtbegin.o
 *(.bss*)
 .bss.isfistTime
                0x00000000200000a4        0x4 ./SOW/Src/Traffic_light.o
                0x00000000200000a4                isfistTime
 .bss.isAutoToMan
                0x00000000200000a8        0x4 ./SOW/Src/global.o
                0x00000000200000a8                isAutoToMan
 .bss.Button1_flag
                0x00000000200000ac        0x3 ./SOW/Src/input_reading.o
                0x00000000200000ac                Button1_flag
 *fill*         0x00000000200000af        0x1 
 .bss.double_click_flag
                0x00000000200000b0        0x3 ./SOW/Src/input_reading.o
                0x00000000200000b0                double_click_flag
 *fill*         0x00000000200000b3        0x1 
 .bss.time_for_one_long_press
                0x00000000200000b4        0xc ./SOW/Src/input_reading.o
                0x00000000200000b4                time_for_one_long_press
 .bss.time_out_input
                0x00000000200000c0        0xc ./SOW/Src/input_reading.o
                0x00000000200000c0                time_out_input
 .bss.repeat_counter
                0x00000000200000cc        0xc ./SOW/Src/input_reading.o
                0x00000000200000cc                repeat_counter
 .bss.double_click_timer
                0x00000000200000d8        0x6 ./SOW/Src/input_reading.o
                0x00000000200000d8                double_click_timer
 *fill*         0x00000000200000de        0x2 
 .bss.single_click_detected
                0x00000000200000e0        0x3 ./SOW/Src/input_reading.o
                0x00000000200000e0                single_click_detected
 *(COMMON)
 *fill*         0x00000000200000e3        0x1 
 COMMON         0x00000000200000e4       0x48 ./Core/Src/main.o
                0x00000000200000e4                htim2
 COMMON         0x000000002000012c        0x4 ./Drivers/STM32F1xx_HAL_Driver/Src/stm32f1xx_hal.o
                0x000000002000012c                uwTick
 COMMON         0x0000000020000130        0xd ./SOW/Src/Traffic_light.o
                0x0000000020000130                time_green_select
                0x0000000020000134                time_red_select
                0x0000000020000138                time_yellow_select
                0x000000002000013c                redred
 *fill*         0x000000002000013d        0x3 
 COMMON         0x0000000020000140       0x50 ./SOW/Src/software_timer.o
                0x0000000020000140                timer1_flag
                0x0000000020000168                timer1_counter
                0x0000000020000190                . = ALIGN (0x4)
                0x0000000020000190                _ebss = .
                0x0000000020000190                __bss_end__ = _ebss

._user_heap_stack
                0x0000000020000190      0x600 load address 0x00000000080034c8
                0x0000000020000190                . = ALIGN (0x8)
                [!provide]                        PROVIDE (end = .)
                0x0000000020000190                PROVIDE (_end = .)
                0x0000000020000390                . = (. + _Min_Heap_Size)
 *fill*         0x0000000020000190      0x200 
                0x0000000020000790                . = (. + _Min_Stack_Size)
 *fill*         0x0000000020000390      0x400 
                0x0000000020000790                . = ALIGN (0x8)

/DISCARD/
 libc.a(*)
 libm.a(*)
 libgcc.a(*)

.ARM.attributes
                0x0000000000000000       0x29
 *(.ARM.attributes)
 .ARM.attributes
                0x0000000000000000       0x1d c:/users/thuyh/stm32cubeide_1.7.0/stm32cubeide/plugins/com.st.stm32cube.ide.mcu.externaltools.gnu-tools-for-stm32.9-2020-q2-update.win32_2.0.0.202105311346/tools/bin/../lib/gcc/arm-none-eabi/9.3.1/thumb/v7-m/nofp/crti.o
 .ARM.attributes
                0x000000000000001d       0x2d c:/users/thuyh/stm32cubeide_1.7.0/stm32cubeide/plugins/com.st.stm32cube.ide.mcu.externaltools.gnu-tools-for-stm32.9-2020-q2-update.win32_2.0.0.202105311346/tools/bin/../lib/gcc/arm-none-eabi/9.3.1/thumb/v7-m/nofp/crtbegin.o
 .ARM.attributes
                0x000000000000004a       0x2d ./Core/Src/ex10.o
 .ARM.attributes
                0x0000000000000077       0x2d ./Core/Src/ex4.o
 .ARM.attributes
                0x00000000000000a4       0x2d ./Core/Src/ex5.o
 .ARM.attributes
                0x00000000000000d1       0x2d ./Core/Src/main.o
 .ARM.attributes
                0x00000000000000fe       0x2d ./Core/Src/stm32f1xx_hal_msp.o
 .ARM.attributes
                0x000000000000012b       0x2d ./Core/Src/stm32f1xx_it.o
 .ARM.attributes
                0x0000000000000158       0x2d ./Core/Src/system_stm32f1xx.o
 .ARM.attributes
                0x0000000000000185       0x21 ./Core/Startup/startup_stm32f103c6tx.o
 .ARM.attributes
                0x00000000000001a6       0x2d ./Drivers/STM32F1xx_HAL_Driver/Src/stm32f1xx_hal.o
 .ARM.attributes
                0x00000000000001d3       0x2d ./Drivers/STM32F1xx_HAL_Driver/Src/stm32f1xx_hal_cortex.o
 .ARM.attributes
                0x0000000000000200       0x2d ./Drivers/STM32F1xx_HAL_Driver/Src/stm32f1xx_hal_gpio.o
 .ARM.attributes
                0x000000000000022d       0x2d ./Drivers/STM32F1xx_HAL_Driver/Src/stm32f1xx_hal_rcc.o
 .ARM.attributes
                0x000000000000025a       0x2d ./Drivers/STM32F1xx_HAL_Driver/Src/stm32f1xx_hal_tim.o
 .ARM.attributes
                0x0000000000000287       0x2d ./Drivers/STM32F1xx_HAL_Driver/Src/stm32f1xx_hal_tim_ex.o
 .ARM.attributes
                0x00000000000002b4       0x2d ./SOW/Src/LED_7_SEGMENT.o
 .ARM.attributes
                0x00000000000002e1       0x2d ./SOW/Src/Traffic_light.o
 .ARM.attributes
                0x000000000000030e       0x2d ./SOW/Src/automatic.o
 .ARM.attributes
                0x000000000000033b       0x33 ./SOW/Src/global.o
 .ARM.attributes
                0x000000000000036e       0x2d ./SOW/Src/input_reading.o
 .ARM.attributes
                0x000000000000039b       0x2d ./SOW/Src/manual.o
 .ARM.attributes
                0x00000000000003c8       0x2d ./SOW/Src/software_timer.o
 .ARM.attributes
                0x00000000000003f5       0x2d c:/users/thuyh/stm32cubeide_1.7.0/stm32cubeide/plugins/com.st.stm32cube.ide.mcu.externaltools.gnu-tools-for-stm32.9-2020-q2-update.win32_2.0.0.202105311346/tools/bin/../lib/gcc/arm-none-eabi/9.3.1/../../../../arm-none-eabi/lib/thumb/v7-m/nofp\libc_nano.a(lib_a-init.o)
 .ARM.attributes
                0x0000000000000422       0x2d c:/users/thuyh/stm32cubeide_1.7.0/stm32cubeide/plugins/com.st.stm32cube.ide.mcu.externaltools.gnu-tools-for-stm32.9-2020-q2-update.win32_2.0.0.202105311346/tools/bin/../lib/gcc/arm-none-eabi/9.3.1/../../../../arm-none-eabi/lib/thumb/v7-m/nofp\libc_nano.a(lib_a-memset.o)
 .ARM.attributes
                0x000000000000044f       0x1d c:/users/thuyh/stm32cubeide_1.7.0/stm32cubeide/plugins/com.st.stm32cube.ide.mcu.externaltools.gnu-tools-for-stm32.9-2020-q2-update.win32_2.0.0.202105311346/tools/bin/../lib/gcc/arm-none-eabi/9.3.1/thumb/v7-m/nofp/crtn.o
OUTPUT(lab3_project.elf elf32-littlearm)
LOAD linker stubs
LOAD c:/users/thuyh/stm32cubeide_1.7.0/stm32cubeide/plugins/com.st.stm32cube.ide.mcu.externaltools.gnu-tools-for-stm32.9-2020-q2-update.win32_2.0.0.202105311346/tools/bin/../lib/gcc/arm-none-eabi/9.3.1/../../../../arm-none-eabi/lib/thumb/v7-m/nofp\libc.a
LOAD c:/users/thuyh/stm32cubeide_1.7.0/stm32cubeide/plugins/com.st.stm32cube.ide.mcu.externaltools.gnu-tools-for-stm32.9-2020-q2-update.win32_2.0.0.202105311346/tools/bin/../lib/gcc/arm-none-eabi/9.3.1/../../../../arm-none-eabi/lib/thumb/v7-m/nofp\libm.a
LOAD c:/users/thuyh/stm32cubeide_1.7.0/stm32cubeide/plugins/com.st.stm32cube.ide.mcu.externaltools.gnu-tools-for-stm32.9-2020-q2-update.win32_2.0.0.202105311346/tools/bin/../lib/gcc/arm-none-eabi/9.3.1/thumb/v7-m/nofp\libgcc.a

.debug_info     0x0000000000000000     0xf6b0
 .debug_info    0x0000000000000000      0xbed ./Core/Src/ex10.o
 .debug_info    0x0000000000000bed      0xbb8 ./Core/Src/ex4.o
 .debug_info    0x00000000000017a5      0xb26 ./Core/Src/ex5.o
 .debug_info    0x00000000000022cb     0x169b ./Core/Src/main.o
 .debug_info    0x0000000000003966      0xa09 ./Core/Src/stm32f1xx_hal_msp.o
 .debug_info    0x000000000000436f      0x7b9 ./Core/Src/stm32f1xx_it.o
 .debug_info    0x0000000000004b28      0x2be ./Core/Src/system_stm32f1xx.o
 .debug_info    0x0000000000004de6       0x22 ./Core/Startup/startup_stm32f103c6tx.o
 .debug_info    0x0000000000004e08      0x74c ./Drivers/STM32F1xx_HAL_Driver/Src/stm32f1xx_hal.o
 .debug_info    0x0000000000005554      0xbbe ./Drivers/STM32F1xx_HAL_Driver/Src/stm32f1xx_hal_cortex.o
 .debug_info    0x0000000000006112      0x701 ./Drivers/STM32F1xx_HAL_Driver/Src/stm32f1xx_hal_gpio.o
 .debug_info    0x0000000000006813      0x893 ./Drivers/STM32F1xx_HAL_Driver/Src/stm32f1xx_hal_rcc.o
 .debug_info    0x00000000000070a6     0x2c32 ./Drivers/STM32F1xx_HAL_Driver/Src/stm32f1xx_hal_tim.o
 .debug_info    0x0000000000009cd8     0x157f ./Drivers/STM32F1xx_HAL_Driver/Src/stm32f1xx_hal_tim_ex.o
 .debug_info    0x000000000000b257      0x38e ./SOW/Src/LED_7_SEGMENT.o
 .debug_info    0x000000000000b5e5      0xf7c ./SOW/Src/Traffic_light.o
 .debug_info    0x000000000000c561      0xb26 ./SOW/Src/automatic.o
 .debug_info    0x000000000000d087      0xb16 ./SOW/Src/global.o
 .debug_info    0x000000000000db9d      0xd5b ./SOW/Src/input_reading.o
 .debug_info    0x000000000000e8f8      0xb47 ./SOW/Src/manual.o
 .debug_info    0x000000000000f43f      0x271 ./SOW/Src/software_timer.o

.debug_abbrev   0x0000000000000000     0x2799
 .debug_abbrev  0x0000000000000000      0x1dc ./Core/Src/ex10.o
 .debug_abbrev  0x00000000000001dc      0x1c4 ./Core/Src/ex4.o
 .debug_abbrev  0x00000000000003a0      0x1cd ./Core/Src/ex5.o
 .debug_abbrev  0x000000000000056d      0x327 ./Core/Src/main.o
 .debug_abbrev  0x0000000000000894      0x1b7 ./Core/Src/stm32f1xx_hal_msp.o
 .debug_abbrev  0x0000000000000a4b      0x176 ./Core/Src/stm32f1xx_it.o
 .debug_abbrev  0x0000000000000bc1      0x14e ./Core/Src/system_stm32f1xx.o
 .debug_abbrev  0x0000000000000d0f       0x12 ./Core/Startup/startup_stm32f103c6tx.o
 .debug_abbrev  0x0000000000000d21      0x1ed ./Drivers/STM32F1xx_HAL_Driver/Src/stm32f1xx_hal.o
 .debug_abbrev  0x0000000000000f0e      0x313 ./Drivers/STM32F1xx_HAL_Driver/Src/stm32f1xx_hal_cortex.o
 .debug_abbrev  0x0000000000001221      0x1e8 ./Drivers/STM32F1xx_HAL_Driver/Src/stm32f1xx_hal_gpio.o
 .debug_abbrev  0x0000000000001409      0x273 ./Drivers/STM32F1xx_HAL_Driver/Src/stm32f1xx_hal_rcc.o
 .debug_abbrev  0x000000000000167c      0x25e ./Drivers/STM32F1xx_HAL_Driver/Src/stm32f1xx_hal_tim.o
 .debug_abbrev  0x00000000000018da      0x266 ./Drivers/STM32F1xx_HAL_Driver/Src/stm32f1xx_hal_tim_ex.o
 .debug_abbrev  0x0000000000001b40      0x148 ./SOW/Src/LED_7_SEGMENT.o
 .debug_abbrev  0x0000000000001c88      0x25f ./SOW/Src/Traffic_light.o
 .debug_abbrev  0x0000000000001ee7      0x1cd ./SOW/Src/automatic.o
 .debug_abbrev  0x00000000000020b4      0x1a8 ./SOW/Src/global.o
 .debug_abbrev  0x000000000000225c      0x244 ./SOW/Src/input_reading.o
 .debug_abbrev  0x00000000000024a0      0x1be ./SOW/Src/manual.o
 .debug_abbrev  0x000000000000265e      0x13b ./SOW/Src/software_timer.o

.debug_aranges  0x0000000000000000      0xb60
 .debug_aranges
                0x0000000000000000       0x28 ./Core/Src/ex10.o
 .debug_aranges
                0x0000000000000028       0x28 ./Core/Src/ex4.o
 .debug_aranges
                0x0000000000000050       0x28 ./Core/Src/ex5.o
 .debug_aranges
                0x0000000000000078       0x60 ./Core/Src/main.o
 .debug_aranges
                0x00000000000000d8       0x30 ./Core/Src/stm32f1xx_hal_msp.o
 .debug_aranges
                0x0000000000000108       0x68 ./Core/Src/stm32f1xx_it.o
 .debug_aranges
                0x0000000000000170       0x28 ./Core/Src/system_stm32f1xx.o
 .debug_aranges
                0x0000000000000198       0x28 ./Core/Startup/startup_stm32f103c6tx.o
 .debug_aranges
                0x00000000000001c0       0xe0 ./Drivers/STM32F1xx_HAL_Driver/Src/stm32f1xx_hal.o
 .debug_aranges
                0x00000000000002a0      0x100 ./Drivers/STM32F1xx_HAL_Driver/Src/stm32f1xx_hal_cortex.o
 .debug_aranges
                0x00000000000003a0       0x58 ./Drivers/STM32F1xx_HAL_Driver/Src/stm32f1xx_hal_gpio.o
 .debug_aranges
                0x00000000000003f8       0x90 ./Drivers/STM32F1xx_HAL_Driver/Src/stm32f1xx_hal_rcc.o
 .debug_aranges
                0x0000000000000488      0x3d0 ./Drivers/STM32F1xx_HAL_Driver/Src/stm32f1xx_hal_tim.o
 .debug_aranges
                0x0000000000000858      0x168 ./Drivers/STM32F1xx_HAL_Driver/Src/stm32f1xx_hal_tim_ex.o
 .debug_aranges
                0x00000000000009c0       0x30 ./SOW/Src/LED_7_SEGMENT.o
 .debug_aranges
                0x00000000000009f0       0xa8 ./SOW/Src/Traffic_light.o
 .debug_aranges
                0x0000000000000a98       0x28 ./SOW/Src/automatic.o
 .debug_aranges
                0x0000000000000ac0       0x18 ./SOW/Src/global.o
 .debug_aranges
                0x0000000000000ad8       0x30 ./SOW/Src/input_reading.o
 .debug_aranges
                0x0000000000000b08       0x28 ./SOW/Src/manual.o
 .debug_aranges
                0x0000000000000b30       0x30 ./SOW/Src/software_timer.o

.debug_ranges   0x0000000000000000      0xa10
 .debug_ranges  0x0000000000000000       0x18 ./Core/Src/ex10.o
 .debug_ranges  0x0000000000000018       0x18 ./Core/Src/ex4.o
 .debug_ranges  0x0000000000000030       0x18 ./Core/Src/ex5.o
 .debug_ranges  0x0000000000000048       0x50 ./Core/Src/main.o
 .debug_ranges  0x0000000000000098       0x20 ./Core/Src/stm32f1xx_hal_msp.o
 .debug_ranges  0x00000000000000b8       0x58 ./Core/Src/stm32f1xx_it.o
 .debug_ranges  0x0000000000000110       0x18 ./Core/Src/system_stm32f1xx.o
 .debug_ranges  0x0000000000000128       0x20 ./Core/Startup/startup_stm32f103c6tx.o
 .debug_ranges  0x0000000000000148       0xd0 ./Drivers/STM32F1xx_HAL_Driver/Src/stm32f1xx_hal.o
 .debug_ranges  0x0000000000000218       0xf0 ./Drivers/STM32F1xx_HAL_Driver/Src/stm32f1xx_hal_cortex.o
 .debug_ranges  0x0000000000000308       0x48 ./Drivers/STM32F1xx_HAL_Driver/Src/stm32f1xx_hal_gpio.o
 .debug_ranges  0x0000000000000350       0x80 ./Drivers/STM32F1xx_HAL_Driver/Src/stm32f1xx_hal_rcc.o
 .debug_ranges  0x00000000000003d0      0x3c0 ./Drivers/STM32F1xx_HAL_Driver/Src/stm32f1xx_hal_tim.o
 .debug_ranges  0x0000000000000790      0x158 ./Drivers/STM32F1xx_HAL_Driver/Src/stm32f1xx_hal_tim_ex.o
 .debug_ranges  0x00000000000008e8       0x20 ./SOW/Src/LED_7_SEGMENT.o
 .debug_ranges  0x0000000000000908       0x98 ./SOW/Src/Traffic_light.o
 .debug_ranges  0x00000000000009a0       0x18 ./SOW/Src/automatic.o
 .debug_ranges  0x00000000000009b8       0x20 ./SOW/Src/input_reading.o
 .debug_ranges  0x00000000000009d8       0x18 ./SOW/Src/manual.o
 .debug_ranges  0x00000000000009f0       0x20 ./SOW/Src/software_timer.o

.debug_macro    0x0000000000000000    0x1917f
 .debug_macro   0x0000000000000000      0x3ba ./Core/Src/ex10.o
 .debug_macro   0x00000000000003ba      0xa9c ./Core/Src/ex10.o
 .debug_macro   0x0000000000000e56      0x215 ./Core/Src/ex10.o
 .debug_macro   0x000000000000106b       0x2e ./Core/Src/ex10.o
 .debug_macro   0x0000000000001099       0x22 ./Core/Src/ex10.o
 .debug_macro   0x00000000000010bb       0x22 ./Core/Src/ex10.o
 .debug_macro   0x00000000000010dd       0x8e ./Core/Src/ex10.o
 .debug_macro   0x000000000000116b       0x51 ./Core/Src/ex10.o
 .debug_macro   0x00000000000011bc      0x103 ./Core/Src/ex10.o
 .debug_macro   0x00000000000012bf       0x6a ./Core/Src/ex10.o
 .debug_macro   0x0000000000001329      0x1df ./Core/Src/ex10.o
 .debug_macro   0x0000000000001508       0x1c ./Core/Src/ex10.o
 .debug_macro   0x0000000000001524       0x22 ./Core/Src/ex10.o
 .debug_macro   0x0000000000001546       0xc3 ./Core/Src/ex10.o
 .debug_macro   0x0000000000001609      0xd23 ./Core/Src/ex10.o
 .debug_macro   0x000000000000232c     0xde75 ./Core/Src/ex10.o
 .debug_macro   0x00000000000101a1       0x6d ./Core/Src/ex10.o
 .debug_macro   0x000000000001020e     0x34a2 ./Core/Src/ex10.o
 .debug_macro   0x00000000000136b0      0x174 ./Core/Src/ex10.o
 .debug_macro   0x0000000000013824       0x5c ./Core/Src/ex10.o
 .debug_macro   0x0000000000013880      0x5bc ./Core/Src/ex10.o
 .debug_macro   0x0000000000013e3c      0x1b7 ./Core/Src/ex10.o
 .debug_macro   0x0000000000013ff3      0x1cb ./Core/Src/ex10.o
 .debug_macro   0x00000000000141be      0x114 ./Core/Src/ex10.o
 .debug_macro   0x00000000000142d2      0x1b2 ./Core/Src/ex10.o
 .debug_macro   0x0000000000014484       0x27 ./Core/Src/ex10.o
 .debug_macro   0x00000000000144ab      0x12f ./Core/Src/ex10.o
 .debug_macro   0x00000000000145da      0x1bc ./Core/Src/ex10.o
 .debug_macro   0x0000000000014796       0x34 ./Core/Src/ex10.o
 .debug_macro   0x00000000000147ca       0x3c ./Core/Src/ex10.o
 .debug_macro   0x0000000000014806       0x57 ./Core/Src/ex10.o
 .debug_macro   0x000000000001485d       0x87 ./Core/Src/ex10.o
 .debug_macro   0x00000000000148e4      0x183 ./Core/Src/ex10.o
 .debug_macro   0x0000000000014a67      0x140 ./Core/Src/ex10.o
 .debug_macro   0x0000000000014ba7      0x8ed ./Core/Src/ex10.o
 .debug_macro   0x0000000000015494       0x69 ./Core/Src/ex10.o
 .debug_macro   0x00000000000154fd      0x13c ./Core/Src/ex10.o
 .debug_macro   0x0000000000015639       0x5e ./Core/Src/ex10.o
 .debug_macro   0x0000000000015697       0x52 ./Core/Src/ex10.o
 .debug_macro   0x00000000000156e9       0x18 ./Core/Src/ex10.o
 .debug_macro   0x0000000000015701       0x3c ./Core/Src/ex10.o
 .debug_macro   0x000000000001573d       0x34 ./Core/Src/ex10.o
 .debug_macro   0x0000000000015771       0x16 ./Core/Src/ex10.o
 .debug_macro   0x0000000000015787       0x35 ./Core/Src/ex10.o
 .debug_macro   0x00000000000157bc      0x333 ./Core/Src/ex10.o
 .debug_macro   0x0000000000015aef       0x10 ./Core/Src/ex10.o
 .debug_macro   0x0000000000015aff       0x16 ./Core/Src/ex10.o
 .debug_macro   0x0000000000015b15       0x43 ./Core/Src/ex10.o
 .debug_macro   0x0000000000015b58       0x34 ./Core/Src/ex10.o
 .debug_macro   0x0000000000015b8c       0x10 ./Core/Src/ex10.o
 .debug_macro   0x0000000000015b9c       0x58 ./Core/Src/ex10.o
 .debug_macro   0x0000000000015bf4       0x71 ./Core/Src/ex10.o
 .debug_macro   0x0000000000015c65       0x1c ./Core/Src/ex10.o
 .debug_macro   0x0000000000015c81      0x12a ./Core/Src/ex10.o
 .debug_macro   0x0000000000015dab       0x10 ./Core/Src/ex10.o
 .debug_macro   0x0000000000015dbb       0x1c ./Core/Src/ex10.o
 .debug_macro   0x0000000000015dd7       0x52 ./Core/Src/ex10.o
 .debug_macro   0x0000000000015e29       0x22 ./Core/Src/ex10.o
 .debug_macro   0x0000000000015e4b       0x10 ./Core/Src/ex10.o
 .debug_macro   0x0000000000015e5b       0x40 ./Core/Src/ex10.o
 .debug_macro   0x0000000000015e9b       0xd5 ./Core/Src/ex10.o
 .debug_macro   0x0000000000015f70       0x1c ./Core/Src/ex10.o
 .debug_macro   0x0000000000015f8c       0x3d ./Core/Src/ex10.o
 .debug_macro   0x0000000000015fc9       0x16 ./Core/Src/ex10.o
 .debug_macro   0x0000000000015fdf      0x145 ./Core/Src/ex10.o
 .debug_macro   0x0000000000016124      0x3be ./Core/Src/ex4.o
 .debug_macro   0x00000000000164e2      0x3ba ./Core/Src/ex5.o
 .debug_macro   0x000000000001689c      0x3fa ./Core/Src/main.o
 .debug_macro   0x0000000000016c96      0x1a6 ./Core/Src/stm32f1xx_hal_msp.o
 .debug_macro   0x0000000000016e3c      0x1b0 ./Core/Src/stm32f1xx_it.o
 .debug_macro   0x0000000000016fec      0x197 ./Core/Src/system_stm32f1xx.o
 .debug_macro   0x0000000000017183      0x1bb ./Drivers/STM32F1xx_HAL_Driver/Src/stm32f1xx_hal.o
 .debug_macro   0x000000000001733e      0x197 ./Drivers/STM32F1xx_HAL_Driver/Src/stm32f1xx_hal_cortex.o
 .debug_macro   0x00000000000174d5      0x202 ./Drivers/STM32F1xx_HAL_Driver/Src/stm32f1xx_hal_gpio.o
 .debug_macro   0x00000000000176d7      0x1a9 ./Drivers/STM32F1xx_HAL_Driver/Src/stm32f1xx_hal_rcc.o
 .debug_macro   0x0000000000017880      0x198 ./Drivers/STM32F1xx_HAL_Driver/Src/stm32f1xx_hal_tim.o
 .debug_macro   0x0000000000017a18      0x197 ./Drivers/STM32F1xx_HAL_Driver/Src/stm32f1xx_hal_tim_ex.o
 .debug_macro   0x0000000000017baf      0x1b0 ./SOW/Src/LED_7_SEGMENT.o
 .debug_macro   0x0000000000017d5f      0x3b0 ./SOW/Src/Traffic_light.o
 .debug_macro   0x000000000001810f      0x3a4 ./SOW/Src/automatic.o
 .debug_macro   0x00000000000184b3      0x3b0 ./SOW/Src/global.o
 .debug_macro   0x0000000000018863      0x3c8 ./SOW/Src/input_reading.o
 .debug_macro   0x0000000000018c2b      0x3a4 ./SOW/Src/manual.o
 .debug_macro   0x0000000000018fcf      0x1b0 ./SOW/Src/software_timer.o

.debug_line     0x0000000000000000     0xf839
 .debug_line    0x0000000000000000      0x924 ./Core/Src/ex10.o
 .debug_line    0x0000000000000924      0x912 ./Core/Src/ex4.o
 .debug_line    0x0000000000001236      0x90a ./Core/Src/ex5.o
 .debug_line    0x0000000000001b40      0xb1c ./Core/Src/main.o
 .debug_line    0x000000000000265c      0x6c5 ./Core/Src/stm32f1xx_hal_msp.o
 .debug_line    0x0000000000002d21      0x763 ./Core/Src/stm32f1xx_it.o
 .debug_line    0x0000000000003484      0x707 ./Core/Src/system_stm32f1xx.o
 .debug_line    0x0000000000003b8b       0x86 ./Core/Startup/startup_stm32f103c6tx.o
 .debug_line    0x0000000000003c11      0x934 ./Drivers/STM32F1xx_HAL_Driver/Src/stm32f1xx_hal.o
 .debug_line    0x0000000000004545      0xb1c ./Drivers/STM32F1xx_HAL_Driver/Src/stm32f1xx_hal_cortex.o
 .debug_line    0x0000000000005061      0x9b7 ./Drivers/STM32F1xx_HAL_Driver/Src/stm32f1xx_hal_gpio.o
 .debug_line    0x0000000000005a18      0xd40 ./Drivers/STM32F1xx_HAL_Driver/Src/stm32f1xx_hal_rcc.o
 .debug_line    0x0000000000006758     0x3385 ./Drivers/STM32F1xx_HAL_Driver/Src/stm32f1xx_hal_tim.o
 .debug_line    0x0000000000009add     0x184a ./Drivers/STM32F1xx_HAL_Driver/Src/stm32f1xx_hal_tim_ex.o
 .debug_line    0x000000000000b327      0xa96 ./SOW/Src/LED_7_SEGMENT.o
 .debug_line    0x000000000000bdbd      0xde3 ./SOW/Src/Traffic_light.o
 .debug_line    0x000000000000cba0      0x92e ./SOW/Src/automatic.o
 .debug_line    0x000000000000d4ce      0x8d8 ./SOW/Src/global.o
 .debug_line    0x000000000000dda6      0xa2f ./SOW/Src/input_reading.o
 .debug_line    0x000000000000e7d5      0x963 ./SOW/Src/manual.o
 .debug_line    0x000000000000f138      0x701 ./SOW/Src/software_timer.o

.debug_str      0x0000000000000000    0x86b1e
 .debug_str     0x0000000000000000    0x83b8d ./Core/Src/ex10.o
                                      0x83f65 (size before relaxing)
 .debug_str     0x0000000000083b8d       0x2f ./Core/Src/ex4.o
                                      0x83f52 (size before relaxing)
 .debug_str     0x0000000000083bbc       0x2f ./Core/Src/ex5.o
                                      0x83f27 (size before relaxing)
 .debug_str     0x0000000000083beb      0x77a ./Core/Src/main.o
                                      0x8479d (size before relaxing)
 .debug_str     0x0000000000084365      0x2ba ./Core/Src/stm32f1xx_hal_msp.o
                                      0x803fb (size before relaxing)
 .debug_str     0x000000000008461f       0xcd ./Core/Src/stm32f1xx_it.o
                                      0x8015d (size before relaxing)
 .debug_str     0x00000000000846ec       0x52 ./Core/Src/system_stm32f1xx.o
                                      0x7f772 (size before relaxing)
 .debug_str     0x000000000008473e       0x6a ./Core/Startup/startup_stm32f103c6tx.o
 .debug_str     0x00000000000847a8      0x304 ./Drivers/STM32F1xx_HAL_Driver/Src/stm32f1xx_hal.o
                                      0x7fdc9 (size before relaxing)
 .debug_str     0x0000000000084aac      0x300 ./Drivers/STM32F1xx_HAL_Driver/Src/stm32f1xx_hal_cortex.o
                                      0x7fdd1 (size before relaxing)
 .debug_str     0x0000000000084dac      0x315 ./Drivers/STM32F1xx_HAL_Driver/Src/stm32f1xx_hal_gpio.o
                                      0x7fb36 (size before relaxing)
 .debug_str     0x00000000000850c1      0x24f ./Drivers/STM32F1xx_HAL_Driver/Src/stm32f1xx_hal_rcc.o
                                      0x7fb6f (size before relaxing)
 .debug_str     0x0000000000085310      0xdde ./Drivers/STM32F1xx_HAL_Driver/Src/stm32f1xx_hal_tim.o
                                      0x80b58 (size before relaxing)
 .debug_str     0x00000000000860ee      0x4ee ./Drivers/STM32F1xx_HAL_Driver/Src/stm32f1xx_hal_tim_ex.o
                                      0x802f9 (size before relaxing)
 .debug_str     0x00000000000865dc       0xae ./SOW/Src/LED_7_SEGMENT.o
                                      0x7fccf (size before relaxing)
 .debug_str     0x000000000008668a      0x246 ./SOW/Src/Traffic_light.o
                                      0x84197 (size before relaxing)
 .debug_str     0x00000000000868d0       0x34 ./SOW/Src/automatic.o
                                      0x83f2c (size before relaxing)
 .debug_str     0x0000000000086904       0x14 ./SOW/Src/global.o
                                      0x83f0c (size before relaxing)
 .debug_str     0x0000000000086918      0x16b ./SOW/Src/input_reading.o
                                      0x840cd (size before relaxing)
 .debug_str     0x0000000000086a83       0x2b ./SOW/Src/manual.o
                                      0x83f30 (size before relaxing)
 .debug_str     0x0000000000086aae       0x70 ./SOW/Src/software_timer.o
                                      0x7fc6f (size before relaxing)

.comment        0x0000000000000000       0x53
 .comment       0x0000000000000000       0x53 ./Core/Src/ex10.o
                                         0x54 (size before relaxing)
 .comment       0x0000000000000053       0x54 ./Core/Src/ex4.o
 .comment       0x0000000000000053       0x54 ./Core/Src/ex5.o
 .comment       0x0000000000000053       0x54 ./Core/Src/main.o
 .comment       0x0000000000000053       0x54 ./Core/Src/stm32f1xx_hal_msp.o
 .comment       0x0000000000000053       0x54 ./Core/Src/stm32f1xx_it.o
 .comment       0x0000000000000053       0x54 ./Core/Src/system_stm32f1xx.o
 .comment       0x0000000000000053       0x54 ./Drivers/STM32F1xx_HAL_Driver/Src/stm32f1xx_hal.o
 .comment       0x0000000000000053       0x54 ./Drivers/STM32F1xx_HAL_Driver/Src/stm32f1xx_hal_cortex.o
 .comment       0x0000000000000053       0x54 ./Drivers/STM32F1xx_HAL_Driver/Src/stm32f1xx_hal_gpio.o
 .comment       0x0000000000000053       0x54 ./Drivers/STM32F1xx_HAL_Driver/Src/stm32f1xx_hal_rcc.o
 .comment       0x0000000000000053       0x54 ./Drivers/STM32F1xx_HAL_Driver/Src/stm32f1xx_hal_tim.o
 .comment       0x0000000000000053       0x54 ./Drivers/STM32F1xx_HAL_Driver/Src/stm32f1xx_hal_tim_ex.o
 .comment       0x0000000000000053       0x54 ./SOW/Src/LED_7_SEGMENT.o
 .comment       0x0000000000000053       0x54 ./SOW/Src/Traffic_light.o
 .comment       0x0000000000000053       0x54 ./SOW/Src/automatic.o
 .comment       0x0000000000000053       0x54 ./SOW/Src/global.o
 .comment       0x0000000000000053       0x54 ./SOW/Src/input_reading.o
 .comment       0x0000000000000053       0x54 ./SOW/Src/manual.o
 .comment       0x0000000000000053       0x54 ./SOW/Src/software_timer.o

.debug_frame    0x0000000000000000     0x2b58
 .debug_frame   0x0000000000000000       0x48 ./Core/Src/ex10.o
 .debug_frame   0x0000000000000048       0x48 ./Core/Src/ex4.o
 .debug_frame   0x0000000000000090       0x4c ./Core/Src/ex5.o
 .debug_frame   0x00000000000000dc      0x138 ./Core/Src/main.o
 .debug_frame   0x0000000000000214       0x80 ./Core/Src/stm32f1xx_hal_msp.o
 .debug_frame   0x0000000000000294      0x120 ./Core/Src/stm32f1xx_it.o
 .debug_frame   0x00000000000003b4       0x58 ./Core/Src/system_stm32f1xx.o
 .debug_frame   0x000000000000040c      0x334 ./Drivers/STM32F1xx_HAL_Driver/Src/stm32f1xx_hal.o
 .debug_frame   0x0000000000000740      0x428 ./Drivers/STM32F1xx_HAL_Driver/Src/stm32f1xx_hal_cortex.o
 .debug_frame   0x0000000000000b68      0x14c ./Drivers/STM32F1xx_HAL_Driver/Src/stm32f1xx_hal_gpio.o
 .debug_frame   0x0000000000000cb4      0x218 ./Drivers/STM32F1xx_HAL_Driver/Src/stm32f1xx_hal_rcc.o
 .debug_frame   0x0000000000000ecc     0x11b4 ./Drivers/STM32F1xx_HAL_Driver/Src/stm32f1xx_hal_tim.o
 .debug_frame   0x0000000000002080      0x638 ./Drivers/STM32F1xx_HAL_Driver/Src/stm32f1xx_hal_tim_ex.o
 .debug_frame   0x00000000000026b8       0x84 ./SOW/Src/LED_7_SEGMENT.o
 .debug_frame   0x000000000000273c      0x230 ./SOW/Src/Traffic_light.o
 .debug_frame   0x000000000000296c       0x4c ./SOW/Src/automatic.o
 .debug_frame   0x00000000000029b8       0x88 ./SOW/Src/input_reading.o
 .debug_frame   0x0000000000002a40       0x48 ./SOW/Src/manual.o
 .debug_frame   0x0000000000002a88       0x84 ./SOW/Src/software_timer.o
 .debug_frame   0x0000000000002b0c       0x2c c:/users/thuyh/stm32cubeide_1.7.0/stm32cubeide/plugins/com.st.stm32cube.ide.mcu.externaltools.gnu-tools-for-stm32.9-2020-q2-update.win32_2.0.0.202105311346/tools/bin/../lib/gcc/arm-none-eabi/9.3.1/../../../../arm-none-eabi/lib/thumb/v7-m/nofp\libc_nano.a(lib_a-init.o)
 .debug_frame   0x0000000000002b38       0x20 c:/users/thuyh/stm32cubeide_1.7.0/stm32cubeide/plugins/com.st.stm32cube.ide.mcu.externaltools.gnu-tools-for-stm32.9-2020-q2-update.win32_2.0.0.202105311346/tools/bin/../lib/gcc/arm-none-eabi/9.3.1/../../../../arm-none-eabi/lib/thumb/v7-m/nofp\libc_nano.a(lib_a-memset.o)
