Archive member included to satisfy reference by file (symbol)

c:/users/thuyh/stm32cubeide_1.7.0/stm32cubeide/plugins/com.st.stm32cube.ide.mcu.externaltools.gnu-tools-for-stm32.9-2020-q2-update.win32_2.0.0.202105311346/tools/bin/../lib/gcc/arm-none-eabi/9.3.1/../../../../arm-none-eabi/lib/thumb/v7-m/nofp\libc_nano.a(lib_a-errno.o)
                              ./Core/Src/syscalls.o (__errno)
c:/users/thuyh/stm32cubeide_1.7.0/stm32cubeide/plugins/com.st.stm32cube.ide.mcu.externaltools.gnu-tools-for-stm32.9-2020-q2-update.win32_2.0.0.202105311346/tools/bin/../lib/gcc/arm-none-eabi/9.3.1/../../../../arm-none-eabi/lib/thumb/v7-m/nofp\libc_nano.a(lib_a-exit.o)
                              c:/users/thuyh/stm32cubeide_1.7.0/stm32cubeide/plugins/com.st.stm32cube.ide.mcu.externaltools.gnu-tools-for-stm32.9-2020-q2-update.win32_2.0.0.202105311346/tools/bin/../lib/gcc/arm-none-eabi/9.3.1/../../../../arm-none-eabi/lib/thumb/v7-m/nofp/crt0.o (exit)
c:/users/thuyh/stm32cubeide_1.7.0/stm32cubeide/plugins/com.st.stm32cube.ide.mcu.externaltools.gnu-tools-for-stm32.9-2020-q2-update.win32_2.0.0.202105311346/tools/bin/../lib/gcc/arm-none-eabi/9.3.1/../../../../arm-none-eabi/lib/thumb/v7-m/nofp\libc_nano.a(lib_a-impure.o)
                              c:/users/thuyh/stm32cubeide_1.7.0/stm32cubeide/plugins/com.st.stm32cube.ide.mcu.externaltools.gnu-tools-for-stm32.9-2020-q2-update.win32_2.0.0.202105311346/tools/bin/../lib/gcc/arm-none-eabi/9.3.1/../../../../arm-none-eabi/lib/thumb/v7-m/nofp\libc_nano.a(lib_a-exit.o) (_global_impure_ptr)
c:/users/thuyh/stm32cubeide_1.7.0/stm32cubeide/plugins/com.st.stm32cube.ide.mcu.externaltools.gnu-tools-for-stm32.9-2020-q2-update.win32_2.0.0.202105311346/tools/bin/../lib/gcc/arm-none-eabi/9.3.1/../../../../arm-none-eabi/lib/thumb/v7-m/nofp\libc_nano.a(lib_a-init.o)
                              c:/users/thuyh/stm32cubeide_1.7.0/stm32cubeide/plugins/com.st.stm32cube.ide.mcu.externaltools.gnu-tools-for-stm32.9-2020-q2-update.win32_2.0.0.202105311346/tools/bin/../lib/gcc/arm-none-eabi/9.3.1/../../../../arm-none-eabi/lib/thumb/v7-m/nofp/crt0.o (__libc_init_array)
c:/users/thuyh/stm32cubeide_1.7.0/stm32cubeide/plugins/com.st.stm32cube.ide.mcu.externaltools.gnu-tools-for-stm32.9-2020-q2-update.win32_2.0.0.202105311346/tools/bin/../lib/gcc/arm-none-eabi/9.3.1/../../../../arm-none-eabi/lib/thumb/v7-m/nofp\libc_nano.a(lib_a-memset.o)
                              c:/users/thuyh/stm32cubeide_1.7.0/stm32cubeide/plugins/com.st.stm32cube.ide.mcu.externaltools.gnu-tools-for-stm32.9-2020-q2-update.win32_2.0.0.202105311346/tools/bin/../lib/gcc/arm-none-eabi/9.3.1/../../../../arm-none-eabi/lib/thumb/v7-m/nofp/crt0.o (memset)

Allocating common symbols
Common symbol       size              file

timer1_flag         0x28              ./SOW/Src/software_timer.o
uwTick              0x4               ./Drivers/STM32F1xx_HAL_Driver/Src/stm32f1xx_hal.o
pFlash              0x20              ./Drivers/STM32F1xx_HAL_Driver/Src/stm32f1xx_hal_flash.o
timer1_counter      0x28              ./SOW/Src/software_timer.o

Discarded input sections

 .text          0x0000000000000000        0x0 c:/users/thuyh/stm32cubeide_1.7.0/stm32cubeide/plugins/com.st.stm32cube.ide.mcu.externaltools.gnu-tools-for-stm32.9-2020-q2-update.win32_2.0.0.202105311346/tools/bin/../lib/gcc/arm-none-eabi/9.3.1/thumb/v7-m/nofp/crti.o
 .data          0x0000000000000000        0x0 c:/users/thuyh/stm32cubeide_1.7.0/stm32cubeide/plugins/com.st.stm32cube.ide.mcu.externaltools.gnu-tools-for-stm32.9-2020-q2-update.win32_2.0.0.202105311346/tools/bin/../lib/gcc/arm-none-eabi/9.3.1/thumb/v7-m/nofp/crti.o
 .bss           0x0000000000000000        0x0 c:/users/thuyh/stm32cubeide_1.7.0/stm32cubeide/plugins/com.st.stm32cube.ide.mcu.externaltools.gnu-tools-for-stm32.9-2020-q2-update.win32_2.0.0.202105311346/tools/bin/../lib/gcc/arm-none-eabi/9.3.1/thumb/v7-m/nofp/crti.o
 .data          0x0000000000000000        0x4 c:/users/thuyh/stm32cubeide_1.7.0/stm32cubeide/plugins/com.st.stm32cube.ide.mcu.externaltools.gnu-tools-for-stm32.9-2020-q2-update.win32_2.0.0.202105311346/tools/bin/../lib/gcc/arm-none-eabi/9.3.1/thumb/v7-m/nofp/crtbegin.o
 .text          0x0000000000000000       0x7c c:/users/thuyh/stm32cubeide_1.7.0/stm32cubeide/plugins/com.st.stm32cube.ide.mcu.externaltools.gnu-tools-for-stm32.9-2020-q2-update.win32_2.0.0.202105311346/tools/bin/../lib/gcc/arm-none-eabi/9.3.1/../../../../arm-none-eabi/lib/thumb/v7-m/nofp/crt0.o
 .data          0x0000000000000000        0x0 c:/users/thuyh/stm32cubeide_1.7.0/stm32cubeide/plugins/com.st.stm32cube.ide.mcu.externaltools.gnu-tools-for-stm32.9-2020-q2-update.win32_2.0.0.202105311346/tools/bin/../lib/gcc/arm-none-eabi/9.3.1/../../../../arm-none-eabi/lib/thumb/v7-m/nofp/crt0.o
[...]
Memory Configuration

Name             Origin             Length             Attributes
RAM              0x0000000020000000 0x0000000000002800 xrw
FLASH            0x0000000008000000 0x0000000000008000 xr
*default*        0x0000000000000000 0xffffffffffffffff

Linker script and memory map

LOAD c:/users/thuyh/stm32cubeide_1.7.0/stm32cubeide/plugins/com.st.stm32cube.ide.mcu.externaltools.gnu-tools-for-stm32.9-2020-q2-update.win32_2.0.0.202105311346/tools/bin/../lib/gcc/arm-none-eabi/9.3.1/thumb/v7-m/nofp/crti.o
LOAD c:/users/thuyh/stm32cubeide_1.7.0/stm32cubeide/plugins/com.st.stm32cube.ide.mcu.externaltools.gnu-tools-for-stm32.9-2020-q2-update.win32_2.0.0.202105311346/tools/bin/../lib/gcc/arm-none-eabi/9.3.1/thumb/v7-m/nofp/crtbegin.o
LOAD c:/users/thuyh/stm32cubeide_1.7.0/stm32cubeide/plugins/com.st.stm32cube.ide.mcu.externaltools.gnu-tools-for-stm32.9-2020-q2-update.win32_2.0.0.202105311346/tools/bin/../lib/gcc/arm-none-eabi/9.3.1/../../../../arm-none-eabi/lib/thumb/v7-m/nofp/crt0.o
LOAD ./Core/Src/main.o
LOAD ./Core/Src/stm32f1xx_hal_msp.o
LOAD ./Core/Src/stm32f1xx_it.o
LOAD ./Core/Src/syscalls.o
LOAD ./Core/Src/sysmem.o
LOAD ./Core/Src/system_stm32f1xx.o
LOAD ./Core/Startup/startup_stm32f103c6tx.o
LOAD ./Drivers/STM32F1xx_HAL_Driver/Src/stm32f1xx_hal.o
LOAD ./Drivers/STM32F1xx_HAL_Driver/Src/stm32f1xx_hal_cortex.o
LOAD ./Drivers/STM32F1xx_HAL_Driver/Src/stm32f1xx_hal_dma.o
LOAD ./Drivers/STM32F1xx_HAL_Driver/Src/stm32f1xx_hal_exti.o
LOAD ./Drivers/STM32F1xx_HAL_Driver/Src/stm32f1xx_hal_flash.o
LOAD ./Drivers/STM32F1xx_HAL_Driver/Src/stm32f1xx_hal_flash_ex.o
LOAD ./Drivers/STM32F1xx_HAL_Driver/Src/stm32f1xx_hal_gpio.o
LOAD ./Drivers/STM32F1xx_HAL_Driver/Src/stm32f1xx_hal_gpio_ex.o
LOAD ./Drivers/STM32F1xx_HAL_Driver/Src/stm32f1xx_hal_pwr.o
LOAD ./Drivers/STM32F1xx_HAL_Driver/Src/stm32f1xx_hal_rcc.o
LOAD ./Drivers/STM32F1xx_HAL_Driver/Src/stm32f1xx_hal_rcc_ex.o
LOAD ./Drivers/STM32F1xx_HAL_Driver/Src/stm32f1xx_hal_tim.o
LOAD ./Drivers/STM32F1xx_HAL_Driver/Src/stm32f1xx_hal_tim_ex.o
LOAD ./SOW/Src/LED.o
LOAD ./SOW/Src/LED_7_SEGMENT.o
LOAD ./SOW/Src/Traffic_light.o
LOAD ./SOW/Src/automatic.o
LOAD ./SOW/Src/button.o
LOAD ./SOW/Src/global.o
LOAD ./SOW/Src/manual.o
LOAD ./SOW/Src/matrix8x8_led.o
LOAD ./SOW/Src/software_timer.o
START GROUP
LOAD c:/users/thuyh/stm32cubeide_1.7.0/stm32cubeide/plugins/com.st.stm32cube.ide.mcu.externaltools.gnu-tools-for-stm32.9-2020-q2-update.win32_2.0.0.202105311346/tools/bin/../lib/gcc/arm-none-eabi/9.3.1/../../../../arm-none-eabi/lib/thumb/v7-m/nofp\libc_nano.a
LOAD c:/users/thuyh/stm32cubeide_1.7.0/stm32cubeide/plugins/com.st.stm32cube.ide.mcu.externaltools.gnu-tools-for-stm32.9-2020-q2-update.win32_2.0.0.202105311346/tools/bin/../lib/gcc/arm-none-eabi/9.3.1/../../../../arm-none-eabi/lib/thumb/v7-m/nofp\libm.a
END GROUP
START GROUP
LOAD c:/users/thuyh/stm32cubeide_1.7.0/stm32cubeide/plugins/com.st.stm32cube.ide.mcu.externaltools.gnu-tools-for-stm32.9-2020-q2-update.win32_2.0.0.202105311346/tools/bin/../lib/gcc/arm-none-eabi/9.3.1/thumb/v7-m/nofp\libgcc.a
LOAD c:/users/thuyh/stm32cubeide_1.7.0/stm32cubeide/plugins/com.st.stm32cube.ide.mcu.externaltools.gnu-tools-for-stm32.9-2020-q2-update.win32_2.0.0.202105311346/tools/bin/../lib/gcc/arm-none-eabi/9.3.1/../../../../arm-none-eabi/lib/thumb/v7-m/nofp\libc_nano.a
END GROUP
START GROUP
LOAD c:/users/thuyh/stm32cubeide_1.7.0/stm32cubeide/plugins/com.st.stm32cube.ide.mcu.externaltools.gnu-tools-for-stm32.9-2020-q2-update.win32_2.0.0.202105311346/tools/bin/../lib/gcc/arm-none-eabi/9.3.1/thumb/v7-m/nofp\libgcc.a
LOAD c:/users/thuyh/stm32cubeide_1.7.0/stm32cubeide/plugins/com.st.stm32cube.ide.mcu.externaltools.gnu-tools-for-stm32.9-2020-q2-update.win32_2.0.0.202105311346/tools/bin/../lib/gcc/arm-none-eabi/9.3.1/../../../../arm-none-eabi/lib/thumb/v7-m/nofp\libc_nano.a
LOAD c:/users/thuyh/stm32cubeide_1.7.0/stm32cubeide/plugins/com.st.stm32cube.ide.mcu.externaltools.gnu-tools-for-stm32.9-2020-q2-update.win32_2.0.0.202105311346/tools/bin/../lib/gcc/arm-none-eabi/9.3.1/../../../../arm-none-eabi/lib/thumb/v7-m/nofp\libnosys.a
END GROUP
START GROUP
LOAD c:/users/thuyh/stm32cubeide_1.7.0/stm32cubeide/plugins/com.st.stm32cube.ide.mcu.externaltools.gnu-tools-for-stm32.9-2020-q2-update.win32_2.0.0.202105311346/tools/bin/../lib/gcc/arm-none-eabi/9.3.1/thumb/v7-m/nofp\libgcc.a
LOAD c:/users/thuyh/stm32cubeide_1.7.0/stm32cubeide/plugins/com.st.stm32cube.ide.mcu.externaltools.gnu-tools-for-stm32.9-2020-q2-update.win32_2.0.0.202105311346/tools/bin/../lib/gcc/arm-none-eabi/9.3.1/../../../../arm-none-eabi/lib/thumb/v7-m/nofp\libc_nano.a
LOAD c:/users/thuyh/stm32cubeide_1.7.0/stm32cubeide/plugins/com.st.stm32cube.ide.mcu.externaltools.gnu-tools-for-stm32.9-2020-q2-update.win32_2.0.0.202105311346/tools/bin/../lib/gcc/arm-none-eabi/9.3.1/../../../../arm-none-eabi/lib/thumb/v7-m/nofp\libnosys.a
END GROUP
LOAD c:/users/thuyh/stm32cubeide_1.7.0/stm32cubeide/plugins/com.st.stm32cube.ide.mcu.externaltools.gnu-tools-for-stm32.9-2020-q2-update.win32_2.0.0.202105311346/tools/bin/../lib/gcc/arm-none-eabi/9.3.1/thumb/v7-m/nofp/crtend.o
LOAD c:/users/thuyh/stm32cubeide_1.7.0/stm32cubeide/plugins/com.st.stm32cube.ide.mcu.externaltools.gnu-tools-for-stm32.9-2020-q2-update.win32_2.0.0.202105311346/tools/bin/../lib/gcc/arm-none-eabi/9.3.1/thumb/v7-m/nofp/crtn.o
                0x0000000020002800                _estack = (ORIGIN (RAM) + LENGTH (RAM))
                0x0000000000000200                _Min_Heap_Size = 0x200
                0x0000000000000400                _Min_Stack_Size = 0x400

.isr_vector     0x0000000008000000      0x10c
                0x0000000008000000                . = ALIGN (0x4)
 *(.isr_vector)
 .isr_vector    0x0000000008000000      0x10c ./Core/Startup/startup_stm32f103c6tx.o
                0x0000000008000000                g_pfnVectors
                0x000000000800010c                . = ALIGN (0x4)

.text           0x000000000800010c     0x1144
                0x000000000800010c                . = ALIGN (0x4)
 *(.text)
 .text          0x000000000800010c       0x40 c:/users/thuyh/stm32cubeide_1.7.0/stm32cubeide/plugins/com.st.stm32cube.ide.mcu.externaltools.gnu-tools-for-stm32.9-2020-q2-update.win32_2.0.0.202105311346/tools/bin/../lib/gcc/arm-none-eabi/9.3.1/thumb/v7-m/nofp/crtbegin.o
 *(.text*)
 .text.main     0x000000000800014c       0x1a ./Core/Src/main.o
                0x000000000800014c                main
 .text.SystemClock_Config
                0x0000000008000166       0x76 ./Core/Src/main.o
                0x0000000008000166                SystemClock_Config
 .text.MX_GPIO_Init
                0x00000000080001dc       0x7c ./Core/Src/main.o
 .text.Error_Handler
                0x0000000008000258        0xa ./Core/Src/main.o
                0x0000000008000258                Error_Handler
 *fill*         0x0000000008000262        0x2 
 .text.HAL_MspInit
                0x0000000008000264       0x64 ./Core/Src/stm32f1xx_hal_msp.o
                0x0000000008000264                HAL_MspInit
 .text.NMI_Handler
                0x00000000080002c8        0x6 ./Core/Src/stm32f1xx_it.o
                0x00000000080002c8                NMI_Handler
 .text.HardFault_Handler
                0x00000000080002ce        0x6 ./Core/Src/stm32f1xx_it.o
                0x00000000080002ce                HardFault_Handler
 .text.MemManage_Handler
                0x00000000080002d4        0x6 ./Core/Src/stm32f1xx_it.o
                0x00000000080002d4                MemManage_Handler
 .text.BusFault_Handler
                0x00000000080002da        0x6 ./Core/Src/stm32f1xx_it.o
                0x00000000080002da                BusFault_Handler
 .text.UsageFault_Handler
                0x00000000080002e0        0x6 ./Core/Src/stm32f1xx_it.o
                0x00000000080002e0                UsageFault_Handler
 .text.SVC_Handler
                0x00000000080002e6        0xc ./Core/Src/stm32f1xx_it.o
                0x00000000080002e6                SVC_Handler
 .text.DebugMon_Handler
                0x00000000080002f2        0xc ./Core/Src/stm32f1xx_it.o
                0x00000000080002f2                DebugMon_Handler
 .text.PendSV_Handler
                0x00000000080002fe        0xc ./Core/Src/stm32f1xx_it.o
                0x00000000080002fe                PendSV_Handler
 .text.SysTick_Handler
                0x000000000800030a        0xc ./Core/Src/stm32f1xx_it.o
                0x000000000800030a                SysTick_Handler
 .text.SystemInit
                0x0000000008000316        0xc ./Core/Src/system_stm32f1xx.o
                0x0000000008000316                SystemInit
 *fill*         0x0000000008000322        0x2 
 .text.Reset_Handler
                0x0000000008000324       0x48 ./Core/Startup/startup_stm32f103c6tx.o
                0x0000000008000324                Reset_Handler
 .text.Default_Handler
                0x000000000800036c        0x2 ./Core/Startup/startup_stm32f103c6tx.o
                0x000000000800036c                RTC_Alarm_IRQHandler
                0x000000000800036c                EXTI2_IRQHandler
                0x000000000800036c                TIM1_CC_IRQHandler
                0x000000000800036c                PVD_IRQHandler
                0x000000000800036c                EXTI3_IRQHandler
                0x000000000800036c                EXTI0_IRQHandler
                0x000000000800036c                ADC1_2_IRQHandler
                0x000000000800036c                SPI1_IRQHandler
                0x000000000800036c                TAMPER_IRQHandler
                0x000000000800036c                DMA1_Channel4_IRQHandler
                0x000000000800036c                RTC_IRQHandler
                0x000000000800036c                DMA1_Channel7_IRQHandler
                0x000000000800036c                CAN1_RX1_IRQHandler
                0x000000000800036c                I2C1_EV_IRQHandler
                0x000000000800036c                DMA1_Channel6_IRQHandler
                0x000000000800036c                TIM3_IRQHandler
                0x000000000800036c                RCC_IRQHandler
                0x000000000800036c                TIM1_TRG_COM_IRQHandler
                0x000000000800036c                DMA1_Channel1_IRQHandler
                0x000000000800036c                Default_Handler
                0x000000000800036c                EXTI15_10_IRQHandler
                0x000000000800036c                EXTI9_5_IRQHandler
                0x000000000800036c                DMA1_Channel5_IRQHandler
                0x000000000800036c                EXTI4_IRQHandler
                0x000000000800036c                USB_LP_CAN1_RX0_IRQHandler
                0x000000000800036c                USB_HP_CAN1_TX_IRQHandler
                0x000000000800036c                DMA1_Channel3_IRQHandler
                0x000000000800036c                TIM1_UP_IRQHandler
                0x000000000800036c                WWDG_IRQHandler
                0x000000000800036c                TIM2_IRQHandler
                0x000000000800036c                TIM1_BRK_IRQHandler
                0x000000000800036c                EXTI1_IRQHandler
                0x000000000800036c                USART2_IRQHandler
                0x000000000800036c                DMA1_Channel2_IRQHandler
                0x000000000800036c                CAN1_SCE_IRQHandler
                0x000000000800036c                FLASH_IRQHandler
                0x000000000800036c                USART1_IRQHandler
                0x000000000800036c                I2C1_ER_IRQHandler
                0x000000000800036c                USBWakeUp_IRQHandler
 *fill*         0x000000000800036e        0x2 
 .text.HAL_Init
                0x0000000008000370       0x2c ./Drivers/STM32F1xx_HAL_Driver/Src/stm32f1xx_hal.o
                0x0000000008000370                HAL_Init
 .text.HAL_InitTick
                0x000000000800039c       0x60 ./Drivers/STM32F1xx_HAL_Driver/Src/stm32f1xx_hal.o
                0x000000000800039c                HAL_InitTick
 .text.HAL_IncTick
                0x00000000080003fc       0x24 ./Drivers/STM32F1xx_HAL_Driver/Src/stm32f1xx_hal.o
                0x00000000080003fc                HAL_IncTick
 .text.HAL_GetTick
                0x0000000008000420       0x14 ./Drivers/STM32F1xx_HAL_Driver/Src/stm32f1xx_hal.o
                0x0000000008000420                HAL_GetTick
 .text.__NVIC_SetPriorityGrouping
                0x0000000008000434       0x48 ./Drivers/STM32F1xx_HAL_Driver/Src/stm32f1xx_hal_cortex.o
 .text.__NVIC_GetPriorityGrouping
                0x000000000800047c       0x1c ./Drivers/STM32F1xx_HAL_Driver/Src/stm32f1xx_hal_cortex.o
 .text.__NVIC_SetPriority
                0x0000000008000498       0x54 ./Drivers/STM32F1xx_HAL_Driver/Src/stm32f1xx_hal_cortex.o
 .text.NVIC_EncodePriority
                0x00000000080004ec       0x64 ./Drivers/STM32F1xx_HAL_Driver/Src/stm32f1xx_hal_cortex.o
 .text.SysTick_Config
                0x0000000008000550       0x44 ./Drivers/STM32F1xx_HAL_Driver/Src/stm32f1xx_hal_cortex.o
 .text.HAL_NVIC_SetPriorityGrouping
                0x0000000008000594       0x16 ./Drivers/STM32F1xx_HAL_Driver/Src/stm32f1xx_hal_cortex.o
                0x0000000008000594                HAL_NVIC_SetPriorityGrouping
 .text.HAL_NVIC_SetPriority
                0x00000000080005aa       0x38 ./Drivers/STM32F1xx_HAL_Driver/Src/stm32f1xx_hal_cortex.o
                0x00000000080005aa                HAL_NVIC_SetPriority
 .text.HAL_SYSTICK_Config
                0x00000000080005e2       0x18 ./Drivers/STM32F1xx_HAL_Driver/Src/stm32f1xx_hal_cortex.o
                0x00000000080005e2                HAL_SYSTICK_Config
 *fill*         0x00000000080005fa        0x2 
 .text.HAL_GPIO_Init
                0x00000000080005fc      0x2f4 ./Drivers/STM32F1xx_HAL_Driver/Src/stm32f1xx_hal_gpio.o
                0x00000000080005fc                HAL_GPIO_Init
 .text.HAL_GPIO_WritePin
                0x00000000080008f0       0x30 ./Drivers/STM32F1xx_HAL_Driver/Src/stm32f1xx_hal_gpio.o
                0x00000000080008f0                HAL_GPIO_WritePin
 .text.HAL_RCC_OscConfig
                0x0000000008000920      0x500 ./Drivers/STM32F1xx_HAL_Driver/Src/stm32f1xx_hal_rcc.o
                0x0000000008000920                HAL_RCC_OscConfig
 .text.HAL_RCC_ClockConfig
                0x0000000008000e20      0x1d4 ./Drivers/STM32F1xx_HAL_Driver/Src/stm32f1xx_hal_rcc.o
                0x0000000008000e20                HAL_RCC_ClockConfig
 .text.HAL_RCC_GetSysClockFreq
                0x0000000008000ff4       0xa8 ./Drivers/STM32F1xx_HAL_Driver/Src/stm32f1xx_hal_rcc.o
                0x0000000008000ff4                HAL_RCC_GetSysClockFreq
 .text.RCC_Delay
                0x000000000800109c       0x3c ./Drivers/STM32F1xx_HAL_Driver/Src/stm32f1xx_hal_rcc.o
 .text.traffic_green_red
                0x00000000080010d8       0x5c ./SOW/Src/Traffic_light.o
                0x00000000080010d8                traffic_green_red
 .text.automatic_run
                0x0000000008001134       0x54 ./SOW/Src/automatic.o
                0x0000000008001134                automatic_run
 .text.manual_run
                0x0000000008001188       0x18 ./SOW/Src/manual.o
                0x0000000008001188                manual_run
 .text.setTimer1
                0x00000000080011a0       0x40 ./SOW/Src/software_timer.o
                0x00000000080011a0                setTimer1
 .text.__libc_init_array
                0x00000000080011e0       0x48 c:/users/thuyh/stm32cubeide_1.7.0/stm32cubeide/plugins/com.st.stm32cube.ide.mcu.externaltools.gnu-tools-for-stm32.9-2020-q2-update.win32_2.0.0.202105311346/tools/bin/../lib/gcc/arm-none-eabi/9.3.1/../../../../arm-none-eabi/lib/thumb/v7-m/nofp\libc_nano.a(lib_a-init.o)
                0x00000000080011e0                __libc_init_array
 .text.memset   0x0000000008001228       0x10 c:/users/thuyh/stm32cubeide_1.7.0/stm32cubeide/plugins/com.st.stm32cube.ide.mcu.externaltools.gnu-tools-for-stm32.9-2020-q2-update.win32_2.0.0.202105311346/tools/bin/../lib/gcc/arm-none-eabi/9.3.1/../../../../arm-none-eabi/lib/thumb/v7-m/nofp\libc_nano.a(lib_a-memset.o)
                0x0000000008001228                memset
 *(.glue_7)
 .glue_7        0x0000000008001238        0x0 linker stubs
 *(.glue_7t)
 .glue_7t       0x0000000008001238        0x0 linker stubs
 *(.eh_frame)
 .eh_frame      0x0000000008001238        0x0 c:/users/thuyh/stm32cubeide_1.7.0/stm32cubeide/plugins/com.st.stm32cube.ide.mcu.externaltools.gnu-tools-for-stm32.9-2020-q2-update.win32_2.0.0.202105311346/tools/bin/../lib/gcc/arm-none-eabi/9.3.1/thumb/v7-m/nofp/crtbegin.o
 *(.init)
 .init          0x0000000008001238        0x4 c:/users/thuyh/stm32cubeide_1.7.0/stm32cubeide/plugins/com.st.stm32cube.ide.mcu.externaltools.gnu-tools-for-stm32.9-2020-q2-update.win32_2.0.0.202105311346/tools/bin/../lib/gcc/arm-none-eabi/9.3.1/thumb/v7-m/nofp/crti.o
                0x0000000008001238                _init
 .init          0x000000000800123c        0x8 c:/users/thuyh/stm32cubeide_1.7.0/stm32cubeide/plugins/com.st.stm32cube.ide.mcu.externaltools.gnu-tools-for-stm32.9-2020-q2-update.win32_2.0.0.202105311346/tools/bin/../lib/gcc/arm-none-eabi/9.3.1/thumb/v7-m/nofp/crtn.o
 *(.fini)
 .fini          0x0000000008001244        0x4 c:/users/thuyh/stm32cubeide_1.7.0/stm32cubeide/plugins/com.st.stm32cube.ide.mcu.externaltools.gnu-tools-for-stm32.9-2020-q2-update.win32_2.0.0.202105311346/tools/bin/../lib/gcc/arm-none-eabi/9.3.1/thumb/v7-m/nofp/crti.o
                0x0000000008001244                _fini
 .fini          0x0000000008001248        0x8 c:/users/thuyh/stm32cubeide_1.7.0/stm32cubeide/plugins/com.st.stm32cube.ide.mcu.externaltools.gnu-tools-for-stm32.9-2020-q2-update.win32_2.0.0.202105311346/tools/bin/../lib/gcc/arm-none-eabi/9.3.1/thumb/v7-m/nofp/crtn.o
                0x0000000008001250                . = ALIGN (0x4)
                0x0000000008001250                _etext = .

.vfp11_veneer   0x0000000008001250        0x0
 .vfp11_veneer  0x0000000008001250        0x0 linker stubs

.v4_bx          0x0000000008001250        0x0
 .v4_bx         0x0000000008001250        0x0 linker stubs

.iplt           0x0000000008001250        0x0
 .iplt          0x0000000008001250        0x0 c:/users/thuyh/stm32cubeide_1.7.0/stm32cubeide/plugins/com.st.stm32cube.ide.mcu.externaltools.gnu-tools-for-stm32.9-2020-q2-update.win32_2.0.0.202105311346/tools/bin/../lib/gcc/arm-none-eabi/9.3.1/thumb/v7-m/nofp/crtbegin.o

.rodata         0x0000000008001250       0x24
                0x0000000008001250                . = ALIGN (0x4)
 *(.rodata)
 *(.rodata*)
 .rodata.AHBPrescTable
                0x0000000008001250       0x10 ./Core/Src/system_stm32f1xx.o
                0x0000000008001250                AHBPrescTable
 .rodata.aPLLMULFactorTable.5504
                0x0000000008001260       0x10 ./Drivers/STM32F1xx_HAL_Driver/Src/stm32f1xx_hal_rcc.o
 .rodata.aPredivFactorTable.5505
                0x0000000008001270        0x2 ./Drivers/STM32F1xx_HAL_Driver/Src/stm32f1xx_hal_rcc.o
                0x0000000008001274                . = ALIGN (0x4)
 *fill*         0x0000000008001272        0x2 

.rel.dyn        0x0000000008001274        0x0
 .rel.iplt      0x0000000008001274        0x0 c:/users/thuyh/stm32cubeide_1.7.0/stm32cubeide/plugins/com.st.stm32cube.ide.mcu.externaltools.gnu-tools-for-stm32.9-2020-q2-update.win32_2.0.0.202105311346/tools/bin/../lib/gcc/arm-none-eabi/9.3.1/thumb/v7-m/nofp/crtbegin.o

.ARM.extab      0x0000000008001274        0x0
                0x0000000008001274                . = ALIGN (0x4)
 *(.ARM.extab* .gnu.linkonce.armextab.*)
                0x0000000008001274                . = ALIGN (0x4)

.ARM            0x0000000008001274        0x0
                0x0000000008001274                . = ALIGN (0x4)
                0x0000000008001274                __exidx_start = .
 *(.ARM.exidx*)
                0x0000000008001274                __exidx_end = .
                0x0000000008001274                . = ALIGN (0x4)

.preinit_array  0x0000000008001274        0x0
                0x0000000008001274                . = ALIGN (0x4)
                0x0000000008001274                PROVIDE (__preinit_array_start = .)
 *(.preinit_array*)
                0x0000000008001274                PROVIDE (__preinit_array_end = .)
                0x0000000008001274                . = ALIGN (0x4)

.init_array     0x0000000008001274        0x4
                0x0000000008001274                . = ALIGN (0x4)
                0x0000000008001274                PROVIDE (__init_array_start = .)
 *(SORT_BY_NAME(.init_array.*))
 *(.init_array*)
 .init_array    0x0000000008001274        0x4 c:/users/thuyh/stm32cubeide_1.7.0/stm32cubeide/plugins/com.st.stm32cube.ide.mcu.externaltools.gnu-tools-for-stm32.9-2020-q2-update.win32_2.0.0.202105311346/tools/bin/../lib/gcc/arm-none-eabi/9.3.1/thumb/v7-m/nofp/crtbegin.o
                0x0000000008001278                PROVIDE (__init_array_end = .)
                0x0000000008001278                . = ALIGN (0x4)

.fini_array     0x0000000008001278        0x4
                0x0000000008001278                . = ALIGN (0x4)
                [!provide]                        PROVIDE (__fini_array_start = .)
 *(SORT_BY_NAME(.fini_array.*))
 *(.fini_array*)
 .fini_array    0x0000000008001278        0x4 c:/users/thuyh/stm32cubeide_1.7.0/stm32cubeide/plugins/com.st.stm32cube.ide.mcu.externaltools.gnu-tools-for-stm32.9-2020-q2-update.win32_2.0.0.202105311346/tools/bin/../lib/gcc/arm-none-eabi/9.3.1/thumb/v7-m/nofp/crtbegin.o
                [!provide]                        PROVIDE (__fini_array_end = .)
                0x000000000800127c                . = ALIGN (0x4)
                0x000000000800127c                _sidata = LOADADDR (.data)

.data           0x0000000020000000        0xc load address 0x000000000800127c
                0x0000000020000000                . = ALIGN (0x4)
                0x0000000020000000                _sdata = .
 *(.data)
 *(.data*)
 .data.SystemCoreClock
                0x0000000020000000        0x4 ./Core/Src/system_stm32f1xx.o
                0x0000000020000000                SystemCoreClock
 .data.uwTickPrio
                0x0000000020000004        0x4 ./Drivers/STM32F1xx_HAL_Driver/Src/stm32f1xx_hal.o
                0x0000000020000004                uwTickPrio
 .data.uwTickFreq
                0x0000000020000008        0x1 ./Drivers/STM32F1xx_HAL_Driver/Src/stm32f1xx_hal.o
                0x0000000020000008                uwTickFreq
 *(.RamFunc)
 *(.RamFunc*)
                0x000000002000000c                . = ALIGN (0x4)
 *fill*         0x0000000020000009        0x3 
                0x000000002000000c                _edata = .

.igot.plt       0x000000002000000c        0x0 load address 0x0000000008001288
 .igot.plt      0x000000002000000c        0x0 c:/users/thuyh/stm32cubeide_1.7.0/stm32cubeide/plugins/com.st.stm32cube.ide.mcu.externaltools.gnu-tools-for-stm32.9-2020-q2-update.win32_2.0.0.202105311346/tools/bin/../lib/gcc/arm-none-eabi/9.3.1/thumb/v7-m/nofp/crtbegin.o
                0x000000002000000c                . = ALIGN (0x4)

.bss            0x000000002000000c       0x78 load address 0x0000000008001288
                0x000000002000000c                _sbss = .
                0x000000002000000c                __bss_start__ = _sbss
 *(.bss)
 .bss           0x000000002000000c       0x1c c:/users/thuyh/stm32cubeide_1.7.0/stm32cubeide/plugins/com.st.stm32cube.ide.mcu.externaltools.gnu-tools-for-stm32.9-2020-q2-update.win32_2.0.0.202105311346/tools/bin/../lib/gcc/arm-none-eabi/9.3.1/thumb/v7-m/nofp/crtbegin.o
 *(.bss*)
 .bss.button1_flag
                0x0000000020000028        0x4 ./SOW/Src/button.o
                0x0000000020000028                button1_flag
 .bss.status    0x000000002000002c        0x4 ./SOW/Src/global.o
                0x000000002000002c                status
 *(COMMON)
 COMMON         0x0000000020000030        0x4 ./Drivers/STM32F1xx_HAL_Driver/Src/stm32f1xx_hal.o
                0x0000000020000030                uwTick
 COMMON         0x0000000020000034       0x50 ./SOW/Src/software_timer.o
                0x0000000020000034                timer1_flag
                0x000000002000005c                timer1_counter
                0x0000000020000084                . = ALIGN (0x4)
                0x0000000020000084                _ebss = .
                0x0000000020000084                __bss_end__ = _ebss

._user_heap_stack
                0x0000000020000084      0x604 load address 0x0000000008001288
                0x0000000020000088                . = ALIGN (0x8)
 *fill*         0x0000000020000084        0x4 
                [!provide]                        PROVIDE (end = .)
                0x0000000020000088                PROVIDE (_end = .)
                0x0000000020000288                . = (. + _Min_Heap_Size)
 *fill*         0x0000000020000088      0x200 
                0x0000000020000688                . = (. + _Min_Stack_Size)
 *fill*         0x0000000020000288      0x400 
                0x0000000020000688                . = ALIGN (0x8)

/DISCARD/
 libc.a(*)
 libm.a(*)
 libgcc.a(*)

.ARM.attributes
                0x0000000000000000       0x29
 *(.ARM.attributes)
 .ARM.attributes
                0x0000000000000000       0x1d c:/users/thuyh/stm32cubeide_1.7.0/stm32cubeide/plugins/com.st.stm32cube.ide.mcu.externaltools.gnu-tools-for-stm32.9-2020-q2-update.win32_2.0.0.202105311346/tools/bin/../lib/gcc/arm-none-eabi/9.3.1/thumb/v7-m/nofp/crti.o
 .ARM.attributes
                0x000000000000001d       0x2d c:/users/thuyh/stm32cubeide_1.7.0/stm32cubeide/plugins/com.st.stm32cube.ide.mcu.externaltools.gnu-tools-for-stm32.9-2020-q2-update.win32_2.0.0.202105311346/tools/bin/../lib/gcc/arm-none-eabi/9.3.1/thumb/v7-m/nofp/crtbegin.o
 .ARM.attributes
                0x000000000000004a       0x2d ./Core/Src/main.o
 .ARM.attributes
                0x0000000000000077       0x2d ./Core/Src/stm32f1xx_hal_msp.o
 .ARM.attributes
                0x00000000000000a4       0x2d ./Core/Src/stm32f1xx_it.o
 .ARM.attributes
                0x00000000000000d1       0x2d ./Core/Src/system_stm32f1xx.o
 .ARM.attributes
                0x00000000000000fe       0x21 ./Core/Startup/startup_stm32f103c6tx.o
 .ARM.attributes
                0x000000000000011f       0x2d ./Drivers/STM32F1xx_HAL_Driver/Src/stm32f1xx_hal.o
 .ARM.attributes
                0x000000000000014c       0x2d ./Drivers/STM32F1xx_HAL_Driver/Src/stm32f1xx_hal_cortex.o
 .ARM.attributes
                0x0000000000000179       0x2d ./Drivers/STM32F1xx_HAL_Driver/Src/stm32f1xx_hal_gpio.o
 .ARM.attributes
                0x00000000000001a6       0x2d ./Drivers/STM32F1xx_HAL_Driver/Src/stm32f1xx_hal_rcc.o
 .ARM.attributes
                0x00000000000001d3       0x2d ./SOW/Src/Traffic_light.o
 .ARM.attributes
                0x0000000000000200       0x2d ./SOW/Src/automatic.o
 .ARM.attributes
                0x000000000000022d       0x2d ./SOW/Src/button.o
 .ARM.attributes
                0x000000000000025a       0x33 ./SOW/Src/global.o
 .ARM.attributes
                0x000000000000028d       0x2d ./SOW/Src/manual.o
 .ARM.attributes
                0x00000000000002ba       0x2d ./SOW/Src/software_timer.o
 .ARM.attributes
                0x00000000000002e7       0x2d c:/users/thuyh/stm32cubeide_1.7.0/stm32cubeide/plugins/com.st.stm32cube.ide.mcu.externaltools.gnu-tools-for-stm32.9-2020-q2-update.win32_2.0.0.202105311346/tools/bin/../lib/gcc/arm-none-eabi/9.3.1/../../../../arm-none-eabi/lib/thumb/v7-m/nofp\libc_nano.a(lib_a-init.o)
 .ARM.attributes
                0x0000000000000314       0x2d c:/users/thuyh/stm32cubeide_1.7.0/stm32cubeide/plugins/com.st.stm32cube.ide.mcu.externaltools.gnu-tools-for-stm32.9-2020-q2-update.win32_2.0.0.202105311346/tools/bin/../lib/gcc/arm-none-eabi/9.3.1/../../../../arm-none-eabi/lib/thumb/v7-m/nofp\libc_nano.a(lib_a-memset.o)
 .ARM.attributes
                0x0000000000000341       0x1d c:/users/thuyh/stm32cubeide_1.7.0/stm32cubeide/plugins/com.st.stm32cube.ide.mcu.externaltools.gnu-tools-for-stm32.9-2020-q2-update.win32_2.0.0.202105311346/tools/bin/../lib/gcc/arm-none-eabi/9.3.1/thumb/v7-m/nofp/crtn.o
OUTPUT(lab3_project.elf elf32-littlearm)
LOAD linker stubs
LOAD c:/users/thuyh/stm32cubeide_1.7.0/stm32cubeide/plugins/com.st.stm32cube.ide.mcu.externaltools.gnu-tools-for-stm32.9-2020-q2-update.win32_2.0.0.202105311346/tools/bin/../lib/gcc/arm-none-eabi/9.3.1/../../../../arm-none-eabi/lib/thumb/v7-m/nofp\libc.a
LOAD c:/users/thuyh/stm32cubeide_1.7.0/stm32cubeide/plugins/com.st.stm32cube.ide.mcu.externaltools.gnu-tools-for-stm32.9-2020-q2-update.win32_2.0.0.202105311346/tools/bin/../lib/gcc/arm-none-eabi/9.3.1/../../../../arm-none-eabi/lib/thumb/v7-m/nofp\libm.a
LOAD c:/users/thuyh/stm32cubeide_1.7.0/stm32cubeide/plugins/com.st.stm32cube.ide.mcu.externaltools.gnu-tools-for-stm32.9-2020-q2-update.win32_2.0.0.202105311346/tools/bin/../lib/gcc/arm-none-eabi/9.3.1/thumb/v7-m/nofp\libgcc.a

.debug_info     0x0000000000000000     0x3dff
 .debug_info    0x0000000000000000      0x543 ./Core/Src/main.o
 .debug_info    0x0000000000000543      0x2fc ./Core/Src/stm32f1xx_hal_msp.o
 .debug_info    0x000000000000083f      0x222 ./Core/Src/stm32f1xx_it.o
 .debug_info    0x0000000000000a61      0x2be ./Core/Src/system_stm32f1xx.o
 .debug_info    0x0000000000000d1f       0x22 ./Core/Startup/startup_stm32f103c6tx.o
 .debug_info    0x0000000000000d41      0x74c ./Drivers/STM32F1xx_HAL_Driver/Src/stm32f1xx_hal.o
 .debug_info    0x000000000000148d      0xbbe ./Drivers/STM32F1xx_HAL_Driver/Src/stm32f1xx_hal_cortex.o
 .debug_info    0x000000000000204b      0x701 ./Drivers/STM32F1xx_HAL_Driver/Src/stm32f1xx_hal_gpio.o
 .debug_info    0x000000000000274c      0x893 ./Drivers/STM32F1xx_HAL_Driver/Src/stm32f1xx_hal_rcc.o
 .debug_info    0x0000000000002fdf      0x386 ./SOW/Src/Traffic_light.o
 .debug_info    0x0000000000003365      0x1d8 ./SOW/Src/automatic.o
 .debug_info    0x000000000000353d      0x315 ./SOW/Src/button.o
 .debug_info    0x0000000000003852      0x1ba ./SOW/Src/global.o
 .debug_info    0x0000000000003a0c      0x1d8 ./SOW/Src/manual.o
 .debug_info    0x0000000000003be4      0x21b ./SOW/Src/software_timer.o

.debug_abbrev   0x0000000000000000     0x144f
 .debug_abbrev  0x0000000000000000      0x1b9 ./Core/Src/main.o
 .debug_abbrev  0x00000000000001b9      0x11d ./Core/Src/stm32f1xx_hal_msp.o
 .debug_abbrev  0x00000000000002d6       0xd2 ./Core/Src/stm32f1xx_it.o
 .debug_abbrev  0x00000000000003a8      0x14e ./Core/Src/system_stm32f1xx.o
 .debug_abbrev  0x00000000000004f6       0x12 ./Core/Startup/startup_stm32f103c6tx.o
 .debug_abbrev  0x0000000000000508      0x1ed ./Drivers/STM32F1xx_HAL_Driver/Src/stm32f1xx_hal.o
 .debug_abbrev  0x00000000000006f5      0x313 ./Drivers/STM32F1xx_HAL_Driver/Src/stm32f1xx_hal_cortex.o
 .debug_abbrev  0x0000000000000a08      0x1e8 ./Drivers/STM32F1xx_HAL_Driver/Src/stm32f1xx_hal_gpio.o
 .debug_abbrev  0x0000000000000bf0      0x273 ./Drivers/STM32F1xx_HAL_Driver/Src/stm32f1xx_hal_rcc.o
 .debug_abbrev  0x0000000000000e63      0x14d ./SOW/Src/Traffic_light.o
 .debug_abbrev  0x0000000000000fb0       0xce ./SOW/Src/automatic.o
 .debug_abbrev  0x000000000000107e      0x153 ./SOW/Src/button.o
 .debug_abbrev  0x00000000000011d1       0xa9 ./SOW/Src/global.o
 .debug_abbrev  0x000000000000127a       0xb6 ./SOW/Src/manual.o
 .debug_abbrev  0x0000000000001330      0x11f ./SOW/Src/software_timer.o

.debug_aranges  0x0000000000000000      0x4f8
 .debug_aranges
                0x0000000000000000       0x38 ./Core/Src/main.o
 .debug_aranges
                0x0000000000000038       0x20 ./Core/Src/stm32f1xx_hal_msp.o
 .debug_aranges
                0x0000000000000058       0x60 ./Core/Src/stm32f1xx_it.o
 .debug_aranges
                0x00000000000000b8       0x28 ./Core/Src/system_stm32f1xx.o
 .debug_aranges
                0x00000000000000e0       0x28 ./Core/Startup/startup_stm32f103c6tx.o
 .debug_aranges
                0x0000000000000108       0xe0 ./Drivers/STM32F1xx_HAL_Driver/Src/stm32f1xx_hal.o
 .debug_aranges
                0x00000000000001e8      0x100 ./Drivers/STM32F1xx_HAL_Driver/Src/stm32f1xx_hal_cortex.o
 .debug_aranges
                0x00000000000002e8       0x58 ./Drivers/STM32F1xx_HAL_Driver/Src/stm32f1xx_hal_gpio.o
 .debug_aranges
                0x0000000000000340       0x90 ./Drivers/STM32F1xx_HAL_Driver/Src/stm32f1xx_hal_rcc.o
 .debug_aranges
                0x00000000000003d0       0x60 ./SOW/Src/Traffic_light.o
 .debug_aranges
                0x0000000000000430       0x28 ./SOW/Src/automatic.o
 .debug_aranges
                0x0000000000000458       0x38 ./SOW/Src/button.o
 .debug_aranges
                0x0000000000000490       0x18 ./SOW/Src/global.o
 .debug_aranges
                0x00000000000004a8       0x28 ./SOW/Src/manual.o
 .debug_aranges
                0x00000000000004d0       0x28 ./SOW/Src/software_timer.o

.debug_ranges   0x0000000000000000      0x408
 .debug_ranges  0x0000000000000000       0x28 ./Core/Src/main.o
 .debug_ranges  0x0000000000000028       0x10 ./Core/Src/stm32f1xx_hal_msp.o
 .debug_ranges  0x0000000000000038       0x50 ./Core/Src/stm32f1xx_it.o
 .debug_ranges  0x0000000000000088       0x18 ./Core/Src/system_stm32f1xx.o
 .debug_ranges  0x00000000000000a0       0x20 ./Core/Startup/startup_stm32f103c6tx.o
 .debug_ranges  0x00000000000000c0       0xd0 ./Drivers/STM32F1xx_HAL_Driver/Src/stm32f1xx_hal.o
 .debug_ranges  0x0000000000000190       0xf0 ./Drivers/STM32F1xx_HAL_Driver/Src/stm32f1xx_hal_cortex.o
 .debug_ranges  0x0000000000000280       0x48 ./Drivers/STM32F1xx_HAL_Driver/Src/stm32f1xx_hal_gpio.o
 .debug_ranges  0x00000000000002c8       0x80 ./Drivers/STM32F1xx_HAL_Driver/Src/stm32f1xx_hal_rcc.o
 .debug_ranges  0x0000000000000348       0x50 ./SOW/Src/Traffic_light.o
 .debug_ranges  0x0000000000000398       0x18 ./SOW/Src/automatic.o
 .debug_ranges  0x00000000000003b0       0x28 ./SOW/Src/button.o
 .debug_ranges  0x00000000000003d8       0x18 ./SOW/Src/manual.o
 .debug_ranges  0x00000000000003f0       0x18 ./SOW/Src/software_timer.o

.debug_macro    0x0000000000000000    0x16061
 .debug_macro   0x0000000000000000      0x1df ./Core/Src/main.o
 .debug_macro   0x00000000000001df      0xa9c ./Core/Src/main.o
 .debug_macro   0x0000000000000c7b      0x20f ./Core/Src/main.o
 .debug_macro   0x0000000000000e8a       0x2e ./Core/Src/main.o
 .debug_macro   0x0000000000000eb8       0x22 ./Core/Src/main.o
 .debug_macro   0x0000000000000eda       0x22 ./Core/Src/main.o
 .debug_macro   0x0000000000000efc       0x8e ./Core/Src/main.o
 .debug_macro   0x0000000000000f8a       0x51 ./Core/Src/main.o
 .debug_macro   0x0000000000000fdb      0x103 ./Core/Src/main.o
 .debug_macro   0x00000000000010de       0x6a ./Core/Src/main.o
 .debug_macro   0x0000000000001148      0x1df ./Core/Src/main.o
 .debug_macro   0x0000000000001327       0x1c ./Core/Src/main.o
 .debug_macro   0x0000000000001343       0x22 ./Core/Src/main.o
 .debug_macro   0x0000000000001365       0xc3 ./Core/Src/main.o
 .debug_macro   0x0000000000001428      0xd23 ./Core/Src/main.o
 .debug_macro   0x000000000000214b     0xde75 ./Core/Src/main.o
 .debug_macro   0x000000000000ffc0       0x6d ./Core/Src/main.o
 .debug_macro   0x000000000001002d     0x34a2 ./Core/Src/main.o
 .debug_macro   0x00000000000134cf      0x174 ./Core/Src/main.o
 .debug_macro   0x0000000000013643       0x5c ./Core/Src/main.o
 .debug_macro   0x000000000001369f      0x5bc ./Core/Src/main.o
 .debug_macro   0x0000000000013c5b      0x1b7 ./Core/Src/main.o
 .debug_macro   0x0000000000013e12      0x1cb ./Core/Src/main.o
 .debug_macro   0x0000000000013fdd      0x114 ./Core/Src/main.o
 .debug_macro   0x00000000000140f1      0x1b2 ./Core/Src/main.o
 .debug_macro   0x00000000000142a3       0x27 ./Core/Src/main.o
 .debug_macro   0x00000000000142ca      0x12f ./Core/Src/main.o
 .debug_macro   0x00000000000143f9      0x1bc ./Core/Src/main.o
 .debug_macro   0x00000000000145b5       0x34 ./Core/Src/main.o
 .debug_macro   0x00000000000145e9       0x3c ./Core/Src/main.o
 .debug_macro   0x0000000000014625       0x57 ./Core/Src/main.o
 .debug_macro   0x000000000001467c       0x87 ./Core/Src/main.o
 .debug_macro   0x0000000000014703      0x183 ./Core/Src/main.o
 .debug_macro   0x0000000000014886      0x140 ./Core/Src/main.o
 .debug_macro   0x00000000000149c6       0x69 ./Core/Src/main.o
 .debug_macro   0x0000000000014a2f       0x1c ./Core/Src/main.o
 .debug_macro   0x0000000000014a4b       0x16 ./Core/Src/main.o
 .debug_macro   0x0000000000014a61       0x40 ./Core/Src/main.o
 .debug_macro   0x0000000000014aa1      0x191 ./Core/Src/stm32f1xx_hal_msp.o
 .debug_macro   0x0000000000014c32      0x19b ./Core/Src/stm32f1xx_it.o
 .debug_macro   0x0000000000014dcd      0x182 ./Core/Src/system_stm32f1xx.o
 .debug_macro   0x0000000000014f4f      0x1a6 ./Drivers/STM32F1xx_HAL_Driver/Src/stm32f1xx_hal.o
 .debug_macro   0x00000000000150f5      0x182 ./Drivers/STM32F1xx_HAL_Driver/Src/stm32f1xx_hal_cortex.o
 .debug_macro   0x0000000000015277      0x1ed ./Drivers/STM32F1xx_HAL_Driver/Src/stm32f1xx_hal_gpio.o
 .debug_macro   0x0000000000015464      0x194 ./Drivers/STM32F1xx_HAL_Driver/Src/stm32f1xx_hal_rcc.o
 .debug_macro   0x00000000000155f8      0x1bb ./SOW/Src/Traffic_light.o
 .debug_macro   0x00000000000157b3      0x1cd ./SOW/Src/automatic.o
 .debug_macro   0x0000000000015980      0x1a0 ./SOW/Src/button.o
 .debug_macro   0x0000000000015b20       0x10 ./SOW/Src/button.o
 .debug_macro   0x0000000000015b30      0x1c3 ./SOW/Src/global.o
 .debug_macro   0x0000000000015cf3      0x1cd ./SOW/Src/manual.o
 .debug_macro   0x0000000000015ec0      0x1a1 ./SOW/Src/software_timer.o

.debug_line     0x0000000000000000     0x7054
 .debug_line    0x0000000000000000      0x75f ./Core/Src/main.o
 .debug_line    0x000000000000075f      0x659 ./Core/Src/stm32f1xx_hal_msp.o
 .debug_line    0x0000000000000db8      0x71a ./Core/Src/stm32f1xx_it.o
 .debug_line    0x00000000000014d2      0x6d6 ./Core/Src/system_stm32f1xx.o
 .debug_line    0x0000000000001ba8       0x86 ./Core/Startup/startup_stm32f103c6tx.o
 .debug_line    0x0000000000001c2e      0x903 ./Drivers/STM32F1xx_HAL_Driver/Src/stm32f1xx_hal.o
 .debug_line    0x0000000000002531      0xaeb ./Drivers/STM32F1xx_HAL_Driver/Src/stm32f1xx_hal_cortex.o
 .debug_line    0x000000000000301c      0x986 ./Drivers/STM32F1xx_HAL_Driver/Src/stm32f1xx_hal_gpio.o
 .debug_line    0x00000000000039a2      0xd0f ./Drivers/STM32F1xx_HAL_Driver/Src/stm32f1xx_hal_rcc.o
 .debug_line    0x00000000000046b1      0x7e4 ./SOW/Src/Traffic_light.o
 .debug_line    0x0000000000004e95      0x6ce ./SOW/Src/automatic.o
 .debug_line    0x0000000000005563      0x709 ./SOW/Src/button.o
 .debug_line    0x0000000000005c6c      0x67d ./SOW/Src/global.o
 .debug_line    0x00000000000062e9      0x6b5 ./SOW/Src/manual.o
 .debug_line    0x000000000000699e      0x6b6 ./SOW/Src/software_timer.o

.debug_str      0x0000000000000000    0x79be8
 .debug_str     0x0000000000000000    0x78a35 ./Core/Src/main.o
                                      0x78d78 (size before relaxing)
 .debug_str     0x0000000000078a35       0x5a ./Core/Src/stm32f1xx_hal_msp.o
                                      0x78a99 (size before relaxing)
 .debug_str     0x0000000000078a8f       0xbd ./Core/Src/stm32f1xx_it.o
                                      0x78ab6 (size before relaxing)
 .debug_str     0x0000000000078b4c       0x52 ./Core/Src/system_stm32f1xx.o
                                      0x78a29 (size before relaxing)
 .debug_str     0x0000000000078b9e       0x36 ./Core/Startup/startup_stm32f103c6tx.o
                                         0x66 (size before relaxing)
 .debug_str     0x0000000000078bd4      0x52e ./Drivers/STM32F1xx_HAL_Driver/Src/stm32f1xx_hal.o
                                      0x79080 (size before relaxing)
 .debug_str     0x0000000000079102      0x300 ./Drivers/STM32F1xx_HAL_Driver/Src/stm32f1xx_hal_cortex.o
                                      0x79088 (size before relaxing)
 .debug_str     0x0000000000079402      0x324 ./Drivers/STM32F1xx_HAL_Driver/Src/stm32f1xx_hal_gpio.o
                                      0x78ded (size before relaxing)
 .debug_str     0x0000000000079726      0x24f ./Drivers/STM32F1xx_HAL_Driver/Src/stm32f1xx_hal_rcc.o
                                      0x78e26 (size before relaxing)
 .debug_str     0x0000000000079975       0xf9 ./SOW/Src/Traffic_light.o
                                      0x78c68 (size before relaxing)
 .debug_str     0x0000000000079a6e       0x34 ./SOW/Src/automatic.o
                                      0x78b55 (size before relaxing)
 .debug_str     0x0000000000079aa2       0xac ./SOW/Src/button.o
                                      0x78b17 (size before relaxing)
 .debug_str     0x0000000000079b4e       0x14 ./SOW/Src/global.o
                                      0x78b23 (size before relaxing)
 .debug_str     0x0000000000079b62       0x2b ./SOW/Src/manual.o
                                      0x78b49 (size before relaxing)
 .debug_str     0x0000000000079b8d       0x5b ./SOW/Src/software_timer.o
                                      0x78a77 (size before relaxing)

.comment        0x0000000000000000       0x53
 .comment       0x0000000000000000       0x53 ./Core/Src/main.o
                                         0x54 (size before relaxing)
 .comment       0x0000000000000053       0x54 ./Core/Src/stm32f1xx_hal_msp.o
 .comment       0x0000000000000053       0x54 ./Core/Src/stm32f1xx_it.o
 .comment       0x0000000000000053       0x54 ./Core/Src/system_stm32f1xx.o
 .comment       0x0000000000000053       0x54 ./Drivers/STM32F1xx_HAL_Driver/Src/stm32f1xx_hal.o
 .comment       0x0000000000000053       0x54 ./Drivers/STM32F1xx_HAL_Driver/Src/stm32f1xx_hal_cortex.o
 .comment       0x0000000000000053       0x54 ./Drivers/STM32F1xx_HAL_Driver/Src/stm32f1xx_hal_gpio.o
 .comment       0x0000000000000053       0x54 ./Drivers/STM32F1xx_HAL_Driver/Src/stm32f1xx_hal_rcc.o
 .comment       0x0000000000000053       0x54 ./SOW/Src/Traffic_light.o
 .comment       0x0000000000000053       0x54 ./SOW/Src/automatic.o
 .comment       0x0000000000000053       0x54 ./SOW/Src/button.o
 .comment       0x0000000000000053       0x54 ./SOW/Src/global.o
 .comment       0x0000000000000053       0x54 ./SOW/Src/manual.o
 .comment       0x0000000000000053       0x54 ./SOW/Src/software_timer.o

.debug_frame    0x0000000000000000      0xfd8
 .debug_frame   0x0000000000000000       0x8c ./Core/Src/main.o
 .debug_frame   0x000000000000008c       0x38 ./Core/Src/stm32f1xx_hal_msp.o
 .debug_frame   0x00000000000000c4      0x104 ./Core/Src/stm32f1xx_it.o
 .debug_frame   0x00000000000001c8       0x58 ./Core/Src/system_stm32f1xx.o
 .debug_frame   0x0000000000000220      0x334 ./Drivers/STM32F1xx_HAL_Driver/Src/stm32f1xx_hal.o
 .debug_frame   0x0000000000000554      0x428 ./Drivers/STM32F1xx_HAL_Driver/Src/stm32f1xx_hal_cortex.o
 .debug_frame   0x000000000000097c      0x14c ./Drivers/STM32F1xx_HAL_Driver/Src/stm32f1xx_hal_gpio.o
 .debug_frame   0x0000000000000ac8      0x218 ./Drivers/STM32F1xx_HAL_Driver/Src/stm32f1xx_hal_rcc.o
 .debug_frame   0x0000000000000ce0      0x124 ./SOW/Src/Traffic_light.o
 .debug_frame   0x0000000000000e04       0x4c ./SOW/Src/automatic.o
 .debug_frame   0x0000000000000e50       0x8c ./SOW/Src/button.o
 .debug_frame   0x0000000000000edc       0x50 ./SOW/Src/manual.o
 .debug_frame   0x0000000000000f2c       0x60 ./SOW/Src/software_timer.o
 .debug_frame   0x0000000000000f8c       0x2c c:/users/thuyh/stm32cubeide_1.7.0/stm32cubeide/plugins/com.st.stm32cube.ide.mcu.externaltools.gnu-tools-for-stm32.9-2020-q2-update.win32_2.0.0.202105311346/tools/bin/../lib/gcc/arm-none-eabi/9.3.1/../../../../arm-none-eabi/lib/thumb/v7-m/nofp\libc_nano.a(lib_a-init.o)
 .debug_frame   0x0000000000000fb8       0x20 c:/users/thuyh/stm32cubeide_1.7.0/stm32cubeide/plugins/com.st.stm32cube.ide.mcu.externaltools.gnu-tools-for-stm32.9-2020-q2-update.win32_2.0.0.202105311346/tools/bin/../lib/gcc/arm-none-eabi/9.3.1/../../../../arm-none-eabi/lib/thumb/v7-m/nofp\libc_nano.a(lib_a-memset.o)
