19:12:45 **** Incremental Build of configuration Debug for project lab3_project ****
make -j8 all 
arm-none-eabi-size   lab3_project.elf 
   text	   data	    bss	    dec	    hex	filename
  12208	    132	   1764	  14104	   3718	lab3_project.elf
Finished building: default.size.stdout
 
19:13:09 **** Incremental Build of configuration Debug for project lab3_project ****
make -j8 all 
arm-none-eabi-size   lab3_project.elf 
   text	   data	    bss	    dec	    hex	filename
  12208	    132	   1764	  14104	   3718	lab3_project.elf
Finished building: default.size.stdout
 
19:14:31 **** Incremental Build of configuration Debug for project lab3_project ****
make -j8 all 
arm-none-eabi-size   lab3_project.elf 
   text	   data	    bss	    dec	    hex	filename
  12208	    132	   1764	  14104	   3718	lab3_project.elf
Finished building: default.size.stdout
 
