13:57:48 **** Incremental Build of configuration Debug for project lab3_project ****
make -j8 all 
arm-none-eabi-gcc "E:/SOW/Src/LED.c" -mcpu=cortex-m3 -std=gnu11 -g3 -DDEBUG -DUSE_HAL_DRIVER -DSTM32F103x6 -c -I../Core/Inc -I../Drivers/STM32F1xx_HAL_Driver/Inc -I../Drivers/STM32F1xx_HAL_Driver/Inc/Legacy -I../Drivers/CMSIS/Device/ST/STM32F1xx/Include -I../Drivers/CMSIS/Include -I"E:/SOW/Ins" -O0 -ffunction-sections -fdata-sections -Wall -fstack-usage -MMD -MP -MF"SOW/Src/LED.d" -MT"SOW/Src/LED.o" --specs=nano.specs -mfloat-abi=soft -mthumb -o "SOW/Src/LED.o"
arm-none-eabi-gcc "E:/SOW/Src/LED_7_SEGMENT.c" -mcpu=cortex-m3 -std=gnu11 -g3 -DDEBUG -DUSE_HAL_DRIVER -DSTM32F103x6 -c -I../Core/Inc -I../Drivers/STM32F1xx_HAL_Driver/Inc -I../Drivers/STM32F1xx_HAL_Driver/Inc/Legacy -I../Drivers/CMSIS/Device/ST/STM32F1xx/Include -I../Drivers/CMSIS/Include -I"E:/SOW/Ins" -O0 -ffunction-sections -fdata-sections -Wall -fstack-usage -MMD -MP -MF"SOW/Src/LED_7_SEGMENT.d" -MT"SOW/Src/LED_7_SEGMENT.o" --specs=nano.specs -mfloat-abi=soft -mthumb -o "SOW/Src/LED_7_SEGMENT.o"
arm-none-eabi-gcc "E:/SOW/Src/Traffic_light.c" -mcpu=cortex-m3 -std=gnu11 -g3 -DDEBUG -DUSE_HAL_DRIVER -DSTM32F103x6 -c -I../Core/Inc -I../Drivers/STM32F1xx_HAL_Driver/Inc -I../Drivers/STM32F1xx_HAL_Driver/Inc/Legacy -I../Drivers/CMSIS/Device/ST/STM32F1xx/Include -I../Drivers/CMSIS/Include -I"E:/SOW/Ins" -O0 -ffunction-sections -fdata-sections -Wall -fstack-usage -MMD -MP -MF"SOW/Src/Traffic_light.d" -MT"SOW/Src/Traffic_light.o" --specs=nano.specs -mfloat-abi=soft -mthumb -o "SOW/Src/Traffic_light.o"
arm-none-eabi-gcc "E:/SOW/Src/automatic.c" -mcpu=cortex-m3 -std=gnu11 -g3 -DDEBUG -DUSE_HAL_DRIVER -DSTM32F103x6 -c -I../Core/Inc -I../Drivers/STM32F1xx_HAL_Driver/Inc -I../Drivers/STM32F1xx_HAL_Driver/Inc/Legacy -I../Drivers/CMSIS/Device/ST/STM32F1xx/Include -I../Drivers/CMSIS/Include -I"E:/SOW/Ins" -O0 -ffunction-sections -fdata-sections -Wall -fstack-usage -MMD -MP -MF"SOW/Src/automatic.d" -MT"SOW/Src/automatic.o" --specs=nano.specs -mfloat-abi=soft -mthumb -o "SOW/Src/automatic.o"
arm-none-eabi-gcc "E:/SOW/Src/enable.c" -mcpu=cortex-m3 -std=gnu11 -g3 -DDEBUG -DUSE_HAL_DRIVER -DSTM32F103x6 -c -I../Core/Inc -I../Drivers/STM32F1xx_HAL_Driver/Inc -I../Drivers/STM32F1xx_HAL_Driver/Inc/Legacy -I../Drivers/CMSIS/Device/ST/STM32F1xx/Include -I../Drivers/CMSIS/Include -I"E:/SOW/Ins" -O0 -ffunction-sections -fdata-sections -Wall -fstack-usage -MMD -MP -MF"SOW/Src/enable.d" -MT"SOW/Src/enable.o" --specs=nano.specs -mfloat-abi=soft -mthumb -o "SOW/Src/enable.o"
arm-none-eabi-gcc "E:/SOW/Src/global.c" -mcpu=cortex-m3 -std=gnu11 -g3 -DDEBUG -DUSE_HAL_DRIVER -DSTM32F103x6 -c -I../Core/Inc -I../Drivers/STM32F1xx_HAL_Driver/Inc -I../Drivers/STM32F1xx_HAL_Driver/Inc/Legacy -I../Drivers/CMSIS/Device/ST/STM32F1xx/Include -I../Drivers/CMSIS/Include -I"E:/SOW/Ins" -O0 -ffunction-sections -fdata-sections -Wall -fstack-usage -MMD -MP -MF"SOW/Src/global.d" -MT"SOW/Src/global.o" --specs=nano.specs -mfloat-abi=soft -mthumb -o "SOW/Src/global.o"
arm-none-eabi-gcc "E:/SOW/Src/input_reading.c" -mcpu=cortex-m3 -std=gnu11 -g3 -DDEBUG -DUSE_HAL_DRIVER -DSTM32F103x6 -c -I../Core/Inc -I../Drivers/STM32F1xx_HAL_Driver/Inc -I../Drivers/STM32F1xx_HAL_Driver/Inc/Legacy -I../Drivers/CMSIS/Device/ST/STM32F1xx/Include -I../Drivers/CMSIS/Include -I"E:/SOW/Ins" -O0 -ffunction-sections -fdata-sections -Wall -fstack-usage -MMD -MP -MF"SOW/Src/input_reading.d" -MT"SOW/Src/input_reading.o" --specs=nano.specs -mfloat-abi=soft -mthumb -o "SOW/Src/input_reading.o"
arm-none-eabi-gcc "E:/SOW/Src/manual.c" -mcpu=cortex-m3 -std=gnu11 -g3 -DDEBUG -DUSE_HAL_DRIVER -DSTM32F103x6 -c -I../Core/Inc -I../Drivers/STM32F1xx_HAL_Driver/Inc -I../Drivers/STM32F1xx_HAL_Driver/Inc/Legacy -I../Drivers/CMSIS/Device/ST/STM32F1xx/Include -I../Drivers/CMSIS/Include -I"E:/SOW/Ins" -O0 -ffunction-sections -fdata-sections -Wall -fstack-usage -MMD -MP -MF"SOW/Src/manual.d" -MT"SOW/Src/manual.o" --specs=nano.specs -mfloat-abi=soft -mthumb -o "SOW/Src/manual.o"
arm-none-eabi-gcc "E:/SOW/Src/matrix8x8_led.c" -mcpu=cortex-m3 -std=gnu11 -g3 -DDEBUG -DUSE_HAL_DRIVER -DSTM32F103x6 -c -I../Core/Inc -I../Drivers/STM32F1xx_HAL_Driver/Inc -I../Drivers/STM32F1xx_HAL_Driver/Inc/Legacy -I../Drivers/CMSIS/Device/ST/STM32F1xx/Include -I../Drivers/CMSIS/Include -I"E:/SOW/Ins" -O0 -ffunction-sections -fdata-sections -Wall -fstack-usage -MMD -MP -MF"SOW/Src/matrix8x8_led.d" -MT"SOW/Src/matrix8x8_led.o" --specs=nano.specs -mfloat-abi=soft -mthumb -o "SOW/Src/matrix8x8_led.o"
arm-none-eabi-gcc "E:/SOW/Src/scheduler.c" -mcpu=cortex-m3 -std=gnu11 -g3 -DDEBUG -DUSE_HAL_DRIVER -DSTM32F103x6 -c -I../Core/Inc -I../Drivers/STM32F1xx_HAL_Driver/Inc -I../Drivers/STM32F1xx_HAL_Driver/Inc/Legacy -I../Drivers/CMSIS/Device/ST/STM32F1xx/Include -I../Drivers/CMSIS/Include -I"E:/SOW/Ins" -O0 -ffunction-sections -fdata-sections -Wall -fstack-usage -MMD -MP -MF"SOW/Src/scheduler.d" -MT"SOW/Src/scheduler.o" --specs=nano.specs -mfloat-abi=soft -mthumb -o "SOW/Src/scheduler.o"
arm-none-eabi-gcc "E:/SOW/Src/software_timer.c" -mcpu=cortex-m3 -std=gnu11 -g3 -DDEBUG -DUSE_HAL_DRIVER -DSTM32F103x6 -c -I../Core/Inc -I../Drivers/STM32F1xx_HAL_Driver/Inc -I../Drivers/STM32F1xx_HAL_Driver/Inc/Legacy -I../Drivers/CMSIS/Device/ST/STM32F1xx/Include -I../Drivers/CMSIS/Include -I"E:/SOW/Ins" -O0 -ffunction-sections -fdata-sections -Wall -fstack-usage -MMD -MP -MF"SOW/Src/software_timer.d" -MT"SOW/Src/software_timer.o" --specs=nano.specs -mfloat-abi=soft -mthumb -o "SOW/Src/software_timer.o"
arm-none-eabi-gcc "../Core/Src/ex10.c" -mcpu=cortex-m3 -std=gnu11 -g3 -DDEBUG -DUSE_HAL_DRIVER -DSTM32F103x6 -c -I../Core/Inc -I../Drivers/STM32F1xx_HAL_Driver/Inc -I../Drivers/STM32F1xx_HAL_Driver/Inc/Legacy -I../Drivers/CMSIS/Device/ST/STM32F1xx/Include -I../Drivers/CMSIS/Include -I"E:/SOW/Ins" -O0 -ffunction-sections -fdata-sections -Wall -fstack-usage -MMD -MP -MF"Core/Src/ex10.d" -MT"Core/Src/ex10.o" --specs=nano.specs -mfloat-abi=soft -mthumb -o "Core/Src/ex10.o"
arm-none-eabi-gcc "../Core/Src/ex4.c" -mcpu=cortex-m3 -std=gnu11 -g3 -DDEBUG -DUSE_HAL_DRIVER -DSTM32F103x6 -c -I../Core/Inc -I../Drivers/STM32F1xx_HAL_Driver/Inc -I../Drivers/STM32F1xx_HAL_Driver/Inc/Legacy -I../Drivers/CMSIS/Device/ST/STM32F1xx/Include -I../Drivers/CMSIS/Include -I"E:/SOW/Ins" -O0 -ffunction-sections -fdata-sections -Wall -fstack-usage -MMD -MP -MF"Core/Src/ex4.d" -MT"Core/Src/ex4.o" --specs=nano.specs -mfloat-abi=soft -mthumb -o "Core/Src/ex4.o"
arm-none-eabi-gcc "../Core/Src/ex5.c" -mcpu=cortex-m3 -std=gnu11 -g3 -DDEBUG -DUSE_HAL_DRIVER -DSTM32F103x6 -c -I../Core/Inc -I../Drivers/STM32F1xx_HAL_Driver/Inc -I../Drivers/STM32F1xx_HAL_Driver/Inc/Legacy -I../Drivers/CMSIS/Device/ST/STM32F1xx/Include -I../Drivers/CMSIS/Include -I"E:/SOW/Ins" -O0 -ffunction-sections -fdata-sections -Wall -fstack-usage -MMD -MP -MF"Core/Src/ex5.d" -MT"Core/Src/ex5.o" --specs=nano.specs -mfloat-abi=soft -mthumb -o "Core/Src/ex5.o"
arm-none-eabi-gcc "../Core/Src/ex6.c" -mcpu=cortex-m3 -std=gnu11 -g3 -DDEBUG -DUSE_HAL_DRIVER -DSTM32F103x6 -c -I../Core/Inc -I../Drivers/STM32F1xx_HAL_Driver/Inc -I../Drivers/STM32F1xx_HAL_Driver/Inc/Legacy -I../Drivers/CMSIS/Device/ST/STM32F1xx/Include -I../Drivers/CMSIS/Include -I"E:/SOW/Ins" -O0 -ffunction-sections -fdata-sections -Wall -fstack-usage -MMD -MP -MF"Core/Src/ex6.d" -MT"Core/Src/ex6.o" --specs=nano.specs -mfloat-abi=soft -mthumb -o "Core/Src/ex6.o"
arm-none-eabi-gcc "../Core/Src/main.c" -mcpu=cortex-m3 -std=gnu11 -g3 -DDEBUG -DUSE_HAL_DRIVER -DSTM32F103x6 -c -I../Core/Inc -I../Drivers/STM32F1xx_HAL_Driver/Inc -I../Drivers/STM32F1xx_HAL_Driver/Inc/Legacy -I../Drivers/CMSIS/Device/ST/STM32F1xx/Include -I../Drivers/CMSIS/Include -I"E:/SOW/Ins" -O0 -ffunction-sections -fdata-sections -Wall -fstack-usage -MMD -MP -MF"Core/Src/main.d" -MT"Core/Src/main.o" --specs=nano.specs -mfloat-abi=soft -mthumb -o "Core/Src/main.o"
arm-none-eabi-gcc -o "lab3_project.elf" @"objects.list"   -mcpu=cortex-m3 -T"E:\microprocessor_ReportLab3\lab3_project\STM32F103C6TX_FLASH.ld" --specs=nosys.specs -Wl,-Map="lab3_project.map" -Wl,--gc-sections -static --specs=nano.specs -mfloat-abi=soft -mthumb -Wl,--start-group -lc -lm -Wl,--end-group
Finished building target: lab3_project.elf
 
arm-none-eabi-size   lab3_project.elf 
arm-none-eabi-objdump -h -S  lab3_project.elf  > "lab3_project.list"
arm-none-eabi-objcopy  -O ihex  lab3_project.elf  "lab3_project.hex"
arm-none-eabi-objcopy  -O binary  lab3_project.elf  "lab3_project.bin"
   text	   data	    bss	    dec	    hex	filename
  13368	    144	   1800	  15312	   3bd0	lab3_project.elf
Finished building: default.size.stdout
 
Finished building: lab3_project.bin
Finished building: lab3_project.hex
 
 
Finished building: lab3_project.list
 
