15:51:48 **** Incremental Build of configuration Debug for project lab3_project ****
make -j8 all 
arm-none-eabi-gcc "E:/SOW/Src/LED.c" -mcpu=cortex-m3 -std=gnu11 -g3 -DDEBUG -DUSE_HAL_DRIVER -DSTM32F103x6 -c -I../Core/Inc -I../Drivers/STM32F1xx_HAL_Driver/Inc -I../Drivers/STM32F1xx_HAL_Driver/Inc/Legacy -I../Drivers/CMSIS/Device/ST/STM32F1xx/Include -I../Drivers/CMSIS/Include -I"E:/SOW/Ins" -O0 -ffunction-sections -fdata-sections -Wall -fstack-usage -MMD -MP -MF"SOW/Src/LED.d" -MT"SOW/Src/LED.o" --specs=nano.specs -mfloat-abi=soft -mthumb -o "SOW/Src/LED.o"
arm-none-eabi-gcc "E:/SOW/Src/LED_7_SEGMENT.c" -mcpu=cortex-m3 -std=gnu11 -g3 -DDEBUG -DUSE_HAL_DRIVER -DSTM32F103x6 -c -I../Core/Inc -I../Drivers/STM32F1xx_HAL_Driver/Inc -I../Drivers/STM32F1xx_HAL_Driver/Inc/Legacy -I../Drivers/CMSIS/Device/ST/STM32F1xx/Include -I../Drivers/CMSIS/Include -I"E:/SOW/Ins" -O0 -ffunction-sections -fdata-sections -Wall -fstack-usage -MMD -MP -MF"SOW/Src/LED_7_SEGMENT.d" -MT"SOW/Src/LED_7_SEGMENT.o" --specs=nano.specs -mfloat-abi=soft -mthumb -o "SOW/Src/LED_7_SEGMENT.o"
arm-none-eabi-gcc "E:/SOW/Src/Traffic_light.c" -mcpu=cortex-m3 -std=gnu11 -g3 -DDEBUG -DUSE_HAL_DRIVER -DSTM32F103x6 -c -I../Core/Inc -I../Drivers/STM32F1xx_HAL_Driver/Inc -I../Drivers/STM32F1xx_HAL_Driver/Inc/Legacy -I../Drivers/CMSIS/Device/ST/STM32F1xx/Include -I../Drivers/CMSIS/Include -I"E:/SOW/Ins" -O0 -ffunction-sections -fdata-sections -Wall -fstack-usage -MMD -MP -MF"SOW/Src/Traffic_light.d" -MT"SOW/Src/Traffic_light.o" --specs=nano.specs -mfloat-abi=soft -mthumb -o "SOW/Src/Traffic_light.o"
arm-none-eabi-gcc "E:/SOW/Src/automatic.c" -mcpu=cortex-m3 -std=gnu11 -g3 -DDEBUG -DUSE_HAL_DRIVER -DSTM32F103x6 -c -I../Core/Inc -I../Drivers/STM32F1xx_HAL_Driver/Inc -I../Drivers/STM32F1xx_HAL_Driver/Inc/Legacy -I../Drivers/CMSIS/Device/ST/STM32F1xx/Include -I../Drivers/CMSIS/Include -I"E:/SOW/Ins" -O0 -ffunction-sections -fdata-sections -Wall -fstack-usage -MMD -MP -MF"SOW/Src/automatic.d" -MT"SOW/Src/automatic.o" --specs=nano.specs -mfloat-abi=soft -mthumb -o "SOW/Src/automatic.o"
arm-none-eabi-gcc "E:/SOW/Src/button.c" -mcpu=cortex-m3 -std=gnu11 -g3 -DDEBUG -DUSE_HAL_DRIVER -DSTM32F103x6 -c -I../Core/Inc -I../Drivers/STM32F1xx_HAL_Driver/Inc -I../Drivers/STM32F1xx_HAL_Driver/Inc/Legacy -I../Drivers/CMSIS/Device/ST/STM32F1xx/Include -I../Drivers/CMSIS/Include -I"E:/SOW/Ins" -O0 -ffunction-sections -fdata-sections -Wall -fstack-usage -MMD -MP -MF"SOW/Src/button.d" -MT"SOW/Src/button.o" --specs=nano.specs -mfloat-abi=soft -mthumb -o "SOW/Src/button.o"
arm-none-eabi-gcc "E:/SOW/Src/global.c" -mcpu=cortex-m3 -std=gnu11 -g3 -DDEBUG -DUSE_HAL_DRIVER -DSTM32F103x6 -c -I../Core/Inc -I../Drivers/STM32F1xx_HAL_Driver/Inc -I../Drivers/STM32F1xx_HAL_Driver/Inc/Legacy -I../Drivers/CMSIS/Device/ST/STM32F1xx/Include -I../Drivers/CMSIS/Include -I"E:/SOW/Ins" -O0 -ffunction-sections -fdata-sections -Wall -fstack-usage -MMD -MP -MF"SOW/Src/global.d" -MT"SOW/Src/global.o" --specs=nano.specs -mfloat-abi=soft -mthumb -o "SOW/Src/global.o"
arm-none-eabi-gcc "E:/SOW/Src/i2c.c" -mcpu=cortex-m3 -std=gnu11 -g3 -DDEBUG -DUSE_HAL_DRIVER -DSTM32F103x6 -c -I../Core/Inc -I../Drivers/STM32F1xx_HAL_Driver/Inc -I../Drivers/STM32F1xx_HAL_Driver/Inc/Legacy -I../Drivers/CMSIS/Device/ST/STM32F1xx/Include -I../Drivers/CMSIS/Include -I"E:/SOW/Ins" -O0 -ffunction-sections -fdata-sections -Wall -fstack-usage -MMD -MP -MF"SOW/Src/i2c.d" -MT"SOW/Src/i2c.o" --specs=nano.specs -mfloat-abi=soft -mthumb -o "SOW/Src/i2c.o"
arm-none-eabi-gcc "E:/SOW/Src/input_processing.c" -mcpu=cortex-m3 -std=gnu11 -g3 -DDEBUG -DUSE_HAL_DRIVER -DSTM32F103x6 -c -I../Core/Inc -I../Drivers/STM32F1xx_HAL_Driver/Inc -I../Drivers/STM32F1xx_HAL_Driver/Inc/Legacy -I../Drivers/CMSIS/Device/ST/STM32F1xx/Include -I../Drivers/CMSIS/Include -I"E:/SOW/Ins" -O0 -ffunction-sections -fdata-sections -Wall -fstack-usage -MMD -MP -MF"SOW/Src/input_processing.d" -MT"SOW/Src/input_processing.o" --specs=nano.specs -mfloat-abi=soft -mthumb -o "SOW/Src/input_processing.o"
arm-none-eabi-gcc "E:/SOW/Src/input_reading.c" -mcpu=cortex-m3 -std=gnu11 -g3 -DDEBUG -DUSE_HAL_DRIVER -DSTM32F103x6 -c -I../Core/Inc -I../Drivers/STM32F1xx_HAL_Driver/Inc -I../Drivers/STM32F1xx_HAL_Driver/Inc/Legacy -I../Drivers/CMSIS/Device/ST/STM32F1xx/Include -I../Drivers/CMSIS/Include -I"E:/SOW/Ins" -O0 -ffunction-sections -fdata-sections -Wall -fstack-usage -MMD -MP -MF"SOW/Src/input_reading.d" -MT"SOW/Src/input_reading.o" --specs=nano.specs -mfloat-abi=soft -mthumb -o "SOW/Src/input_reading.o"
arm-none-eabi-gcc "E:/SOW/Src/manual.c" -mcpu=cortex-m3 -std=gnu11 -g3 -DDEBUG -DUSE_HAL_DRIVER -DSTM32F103x6 -c -I../Core/Inc -I../Drivers/STM32F1xx_HAL_Driver/Inc -I../Drivers/STM32F1xx_HAL_Driver/Inc/Legacy -I../Drivers/CMSIS/Device/ST/STM32F1xx/Include -I../Drivers/CMSIS/Include -I"E:/SOW/Ins" -O0 -ffunction-sections -fdata-sections -Wall -fstack-usage -MMD -MP -MF"SOW/Src/manual.d" -MT"SOW/Src/manual.o" --specs=nano.specs -mfloat-abi=soft -mthumb -o "SOW/Src/manual.o"
arm-none-eabi-gcc "E:/SOW/Src/matrix8x8_led.c" -mcpu=cortex-m3 -std=gnu11 -g3 -DDEBUG -DUSE_HAL_DRIVER -DSTM32F103x6 -c -I../Core/Inc -I../Drivers/STM32F1xx_HAL_Driver/Inc -I../Drivers/STM32F1xx_HAL_Driver/Inc/Legacy -I../Drivers/CMSIS/Device/ST/STM32F1xx/Include -I../Drivers/CMSIS/Include -I"E:/SOW/Ins" -O0 -ffunction-sections -fdata-sections -Wall -fstack-usage -MMD -MP -MF"SOW/Src/matrix8x8_led.d" -MT"SOW/Src/matrix8x8_led.o" --specs=nano.specs -mfloat-abi=soft -mthumb -o "SOW/Src/matrix8x8_led.o"
arm-none-eabi-gcc "E:/SOW/Src/software_timer.c" -mcpu=cortex-m3 -std=gnu11 -g3 -DDEBUG -DUSE_HAL_DRIVER -DSTM32F103x6 -c -I../Core/Inc -I../Drivers/STM32F1xx_HAL_Driver/Inc -I../Drivers/STM32F1xx_HAL_Driver/Inc/Legacy -I../Drivers/CMSIS/Device/ST/STM32F1xx/Include -I../Drivers/CMSIS/Include -I"E:/SOW/Ins" -O0 -ffunction-sections -fdata-sections -Wall -fstack-usage -MMD -MP -MF"SOW/Src/software_timer.d" -MT"SOW/Src/software_timer.o" --specs=nano.specs -mfloat-abi=soft -mthumb -o "SOW/Src/software_timer.o"
arm-none-eabi-gcc "E:/SOW/Src/uart.c" -mcpu=cortex-m3 -std=gnu11 -g3 -DDEBUG -DUSE_HAL_DRIVER -DSTM32F103x6 -c -I../Core/Inc -I../Drivers/STM32F1xx_HAL_Driver/Inc -I../Drivers/STM32F1xx_HAL_Driver/Inc/Legacy -I../Drivers/CMSIS/Device/ST/STM32F1xx/Include -I../Drivers/CMSIS/Include -I"E:/SOW/Ins" -O0 -ffunction-sections -fdata-sections -Wall -fstack-usage -MMD -MP -MF"SOW/Src/uart.d" -MT"SOW/Src/uart.o" --specs=nano.specs -mfloat-abi=soft -mthumb -o "SOW/Src/uart.o"
arm-none-eabi-gcc -o "lab3_project.elf" @"objects.list"   -mcpu=cortex-m3 -T"E:\microprocessor_ReportLab3\lab3_project\STM32F103C6TX_FLASH.ld" --specs=nosys.specs -Wl,-Map="lab3_project.map" -Wl,--gc-sections -static --specs=nano.specs -mfloat-abi=soft -mthumb -Wl,--start-group -lc -lm -Wl,--end-group
Finished building target: lab3_project.elf
 
arm-none-eabi-size   lab3_project.elf 
arm-none-eabi-objdump -h -S  lab3_project.elf  > "lab3_project.list"
arm-none-eabi-objcopy  -O ihex  lab3_project.elf  "lab3_project.hex"
arm-none-eabi-objcopy  -O binary  lab3_project.elf  "lab3_project.bin"
   text	   data	    bss	    dec	    hex	filename
   7576	     36	   1748	   9360	   2490	lab3_project.elf
Finished building: default.size.stdout
 
Finished building: lab3_project.bin
Finished building: lab3_project.hex
 
 
Finished building: lab3_project.list
 

15:51:52 Build Finished. 0 errors, 0 warnings. (took 3s.702ms)

