12:54:47 **** Build of configuration Debug for project lab3_project ****
make -j8 all 
arm-none-eabi-gcc "E:/SOW/Src/scheduler.c" -mcpu=cortex-m3 -std=gnu11 -g3 -DDEBUG -DUSE_HAL_DRIVER -DSTM32F103x6 -c -I../Core/Inc -I../Drivers/STM32F1xx_HAL_Driver/Inc -I../Drivers/STM32F1xx_HAL_Driver/Inc/Legacy -I../Drivers/CMSIS/Device/ST/STM32F1xx/Include -I../Drivers/CMSIS/Include -I"E:/SOW/Ins" -O0 -ffunction-sections -fdata-sections -Wall -fstack-usage -MMD -MP -MF"SOW/Src/scheduler.d" -MT"SOW/Src/scheduler.o" --specs=nano.specs -mfloat-abi=soft -mthumb -o "SOW/Src/scheduler.o"
arm-none-eabi-gcc -o "lab3_project.elf" @"objects.list"   -mcpu=cortex-m3 -T"E:\microprocessor_ReportLab3\lab3_project\STM32F103C6TX_FLASH.ld" --specs=nosys.specs -Wl,-Map="lab3_project.map" -Wl,--gc-sections -static --specs=nano.specs -mfloat-abi=soft -mthumb -Wl,--start-group -lc -lm -Wl,--end-group
Finished building target: lab3_project.elf
 
arm-none-eabi-size   lab3_project.elf 
arm-none-eabi-objdump -h -S  lab3_project.elf  > "lab3_project.list"
arm-none-eabi-objcopy  -O ihex  lab3_project.elf  "lab3_project.hex"
arm-none-eabi-objcopy  -O binary  lab3_project.elf  "lab3_project.bin"
   text	   data	    bss	    dec	    hex	filename
  13368	    144	   1800	  15312	   3bd0	lab3_project.elf
Finished building: default.size.stdout
 
Finished building: lab3_project.bin
Finished building: lab3_project.hex
 
 
Finished building: lab3_project.list
 

12:54:49 Build Finished. 0 errors, 0 warnings. (took 1s.744ms)

